{
  "birthDate": "2017-01-01",
  "gender": "female",
  "id": "00100000000",
  "identifier": [
    {
      "id": "sourceId",
      "system": "https://www.icanbwell.com/sourceId",
      "value": "00100000000"
    },
    {
      "id": "uuid",
      "system": "https://www.icanbwell.com/uuid",
      "value": "56b2f152-45e4-5cad-ac61-a0ebc8a55b06"
    }
  ],
  "meta": {
      "security": [
        {
          "code": "client",
          "id": "21b6850a-a1fb-5de3-8f69-7962d5394390",
          "system": "https://www.icanbwell.com/access"
        },
        {
          "code": "client",
          "id": "1642e685-6de9-5bdb-89e8-b62ffe4420eb",
          "system": "https://www.icanbwell.com/owner"
        },
        {
          "code": "client",
          "id": "cea955c4-9b2c-5b0d-8b48-acfd40cabb59",
          "system": "https://www.icanbwell.com/sourceAssigningAuthority"
        }
      ],
    "source": "http://clienthealth.org/patient",
    "versionId": "2"
  },
  "name": [
    {
      "family": "PATIENT1",
      "given": [
        "SHYLA"
      ],
      "text": "t",
      "use": "usual"
    }
  ],
  "resourceType": "Patient"
}
