{
  "_access": {
    "medstar": 1
  },
  "_sourceAssigningAuthority": "medstar",
  "_sourceId": "00400000000",
  "_uuid": "414099b2-25f5-5bc7-b2bd-35cc5d7b930e",
  "birthDate": "2017-01-01",
  "gender": "female",
  "id": "00400000000",
  "identifier": [
    {
      "id": "sourceId",
      "system": "https://www.icanbwell.com/sourceId",
      "value": "00400000000"
    },
    {
      "id": "uuid",
      "system": "https://www.icanbwell.com/uuid",
      "value": "414099b2-25f5-5bc7-b2bd-35cc5d7b930e"
    }
  ],
  "meta": {
    "lastUpdated": {},
    "security": [
      {
        "code": "medstar",
        "system": "https://www.icanbwell.com/access"
      },
      {
        "code": "medstar",
        "system": "https://www.icanbwell.com/owner"
      },
      {
        "code": "medstar",
        "system": "https://www.icanbwell.com/sourceAssigningAuthority"
      }
    ],
    "source": "http://medstarhealth.org/provider",
    "versionId": "1"
  },
  "name": [
    {
      "family": "PATIENT1",
      "given": [
        "SHYLA"
      ],
      "text": "t",
      "use": "usual"
    }
  ],
  "resourceType": "Patient"
}
