{
  "_access": {
    "medstar": 1
  },
  "_sourceAssigningAuthority": {
    "medstar": 1
  },
  "_sourceId": "00200000000",
  "_uuid": "0e203360-f660-4275-8982-19ea1b2a5be6",
  "birthDate": "2017-01-01",
  "gender": "female",
  "id": "00200000000",
  "identifier": [
    {
      "system": "https://www.icanbwell.com/sourceId",
      "value": "00200000000"
    },
    {
      "system": "https://www.icanbwell.com/uuid",
      "value": "0e203360-f660-4275-8982-19ea1b2a5be6"
    }
  ],
  "meta": {
    "security": [
      {
        "code": "medstar",
        "system": "https://www.icanbwell.com/access"
      },
      {
        "code": "medstar",
        "system": "https://www.icanbwell.com/owner"
      },
      {
        "code": "medstar",
        "system": "https://www.icanbwell.com/sourceAssigningAuthority"
      }
    ],
    "source": "http://medstarhealth.org/provider",
    "versionId": "1"
  },
  "name": [
    {
      "family": "PATIENT1",
      "given": [
        "SHYLA"
      ],
      "text": "t",
      "use": "usual"
    }
  ],
  "resourceType": "Patient"
}
