{
  "category": [
    {
      "coding": [
        {
          "id": "e7a166cc-6aae-55d6-8049-636187989902",
          "code": "vital-signs",
          "system": "http://terminology.hl7.org/CodeSystem/observation-category"
        }
      ]
    }
  ],
  "code": {
    "coding": [
      {
        "id": "8582cf29-199b-5943-a95a-17faecbec38a",
        "code": "8302-2",
        "display": "Body height",
        "system": "http://loinc.org"
      }
    ]
  },
  "id": "2",
  "identifier": [
    {
      "id": "sourceId",
      "system": "https://www.icanbwell.com/sourceId",
      "value": "2"
    },
    {
      "id": "uuid",
      "system": "https://www.icanbwell.com/uuid",
      "value": "941f082a-39a9-5f55-9630-5839a010e1bc"
    }
  ],
  "meta": {
    "security": [
      {
        "code": "client",
        "system": "https://www.icanbwell.com/access"
      },
      {
        "code": "client",
        "system": "https://www.icanbwell.com/owner"
      },
      {
        "code": "client",
        "system": "https://www.icanbwell.com/sourceAssigningAuthority"
      }
    ],
    "source": "http://clienthealth.org/provider",
    "tag": [
      {
        "code": "hidden",
        "display": "Hidden",
        "id": "hidden",
        "system": "https://fhir.icanbwell.com/4_0_0/CodeSystem/server-behavior"
      }
    ],
    "versionId": "1"
  },
  "resourceType": "Observation",
  "status": "final",
  "valueQuantity": {
    "code": "cm",
    "system": "http://unitsofmeasure.org",
    "unit": "cm",
    "value": 177.8
  }
}
