{
    "requestInfo": {
        "user": "imran",
        "scope": "user/*.read user/*.write access/*.*",
        "remoteIpAddress": "::ffff:127.0.0.1",
        "requestId": "8c6f0271-7a42-4748-8082-fa1a5d234878",
        "userRequestId": "8c6f0271-7a42-4748-8082-fa1a5d234878",
        "protocol": "http",
        "originalUrl": "/4_0_0/Observation/",
        "path": "/4_0_0/Observation/",
        "host": "localhost:3000",
        "body": {
            "resourceType": "Observation",
            "id": "88eb9945-a591-4b9c-bccf-dfc97419a0ca",
            "meta": {
                "source": "https://www.icanbwell.com",
                "security": [{ "system": "https://www.icanbwell.com/owner", "code": "bwell" }]
            },
            "text": {
                "status": "generated",
                "div": "<div xmlns=\"http://www.w3.org/1999/xhtml\"><p><b>Generated Narrative: Observation</b><a name=\"f003\"> </a></p><div style=\"display: inline-block; background-color: #d9e0e7; padding: 6px; margin: 4px; border: 1px solid #8da1b4; border-radius: 5px; line-height: 60%\"><p style=\"margin-bottom: 0px\">Resource Observation &quot;f003&quot; </p></div><p><b>identifier</b>: <span title=\"    urn:oid:2.16.840.1.113883.4.642.1.7    &amp;#10;    2.16.840.1.113883.4.642.1.118    \">id: 6325 (use: OFFICIAL)</span></p><p><b>status</b>: final</p><p><b>code</b>: Carbon dioxide in blood <span style=\"background: LightGoldenRodYellow; margin: 4px; border: 1px solid khaki\"> (<a href=\"https://loinc.org/\">LOINC</a>#11557-6)</span></p><p><b>subject</b>: <a href=\"patient-example-f001-pieter.html\">Patient/f001: P. van de Heuvel</a> &quot;Pieter VAN DE HEUVEL&quot;</p><p><b>effective</b>: 2013-04-02T10:30:10+01:00</p><p><b>issued</b>: 4 Apr 2013, 1:30:10 am</p><p><b>performer</b>: <a href=\"practitioner-example-f005-al.html\">Practitioner/f005: A. Langeveld</a> &quot;Langeveld ANNE&quot;</p><p><b>value</b>: 6.2 kPa<span style=\"background: LightGoldenRodYellow\"> (Details: UCUM code kPa = 'kPa')</span></p><p><b>interpretation</b>: High <span style=\"background: LightGoldenRodYellow; margin: 4px; border: 1px solid khaki\"> (<a href=\"http://terminology.hl7.org/5.1.0/CodeSystem-v3-ObservationInterpretation.html\">ObservationInterpretation</a>#H)</span></p><h3>ReferenceRanges</h3><table class=\"grid\"><tr><td>-</td><td><b>Low</b></td><td><b>High</b></td></tr><tr><td>*</td><td>4.8 kPa<span style=\"background: LightGoldenRodYellow\"> (Details: UCUM code kPa = 'kPa')</span></td><td>6.0 kPa<span style=\"background: LightGoldenRodYellow\"> (Details: UCUM code kPa = 'kPa')</span></td></tr></table></div>"
            },
            "code": {
                "coding": [
                    {
                        "system": "URN:OID:2.16.840.1.113883.6.96",
                        "code": "11557-6",
                        "display": "Carbon dioxide in blood"
                    }
                ]
            },
            "subject": { "reference": "Patient/1", "display": "P. van de Heuvel" },
            "encounter": { "reference": "Encounter/1" },
            "effectiveDateTime": "2013-04-02T10:30:10+01:00",
            "issued": "2013-04-03T15:30:10+01:00",
            "performer": [{ "reference": "Practitioner/f005", "display": "A. Langeveld" }],
            "valueQuantity": {
                "value": 6.2,
                "unit": "kPa",
                "system": "http://unitsofmeasure.org",
                "code": "kPa"
            },
            "interpretation": [
                {
                    "coding": [
                        {
                            "system": "urn:oid:2.16.840.1.113883.6.96",
                            "code": "H",
                            "display": "High"
                        }
                    ]
                }
            ],
            "referenceRange": [
                {
                    "low": {
                        "value": 4.8,
                        "unit": "kPa",
                        "system": "http://unitsofmeasure.org",
                        "code": "kPa"
                    },
                    "high": {
                        "value": 6,
                        "unit": "kPa",
                        "system": "http://unitsofmeasure.org",
                        "code": "kPa"
                    }
                }
            ]
        },
        "accept": "application/fhir+json",
        "headers": {
            "host": "localhost:3000",
            "accept-encoding": "gzip, deflate",
            "content-type": "application/fhir+json",
            "accept": "application/fhir+json",
            "authorization": "Bearer eyJhbGciOiJSUzI1NiIsInR5cCI6IkpXVCIsImtpZCI6IjEyMyJ9.eyJzdWIiOiJqb2huIiwidXNlcm5hbWUiOiJpbXJhbiIsImNsaWVudF9pZCI6Im15X2NsaWVudF9pZCIsInNjb3BlIjoidXNlci8qLnJlYWQgdXNlci8qLndyaXRlIGFjY2Vzcy8qLioiLCJjbGllbnRGaGlyUGVyc29uSWQiOiJjbGllbnRGaGlyUGVyc29uIiwiY2xpZW50RmhpclBhdGllbnRJZCI6ImNsaWVudEZoaXJQYXRpZW50IiwiYndlbGxGaGlyUGVyc29uSWQiOiJyb290LXBlcnNvbiIsImJ3ZWxsRmhpclBhdGllbnRJZCI6ImJ3ZWxsRmhpclBhdGllbnQiLCJ0b2tlbl91c2UiOiJhY2Nlc3MiLCJpc3MiOiJodHRwOi8vZm9vOjgwIn0.QLXXUjLvwAyJ9lYyCXk-qian8seeishbyYvRnmvNFKQDGjs8_VOz2kqLWi0S9yv7AdEzJWJeLXMvnMdvx7BD7UW2e59gfF2lM-rs1Tn7S8N3b3oZ7jIta0M9jmYF_jkLmowzJUqXDjXFY-XZ3UdJ_rwJGzP3Ds6kPkXxTGLxv3cHTx09uOMPVhybIArPKi2NK47LkwqnX5QMWO6jlb_AuybkAcKjpPC2a0djCbpvt6fLlYyvsUBplTuD7n-XSZbqb0o68JJUDxjL6PKiUGfZAj2ZCH2UfgyoutKfahaEAqq5FHQt7iclQ1G4YW0y4gjyrmPHGfaSuW-P_YM5MHDTUw",
            "content-length": "2769",
            "connection": "close"
        },
        "method": "POST",
        "contentTypeFromHeader": { "parameters": {}, "type": "application/fhir+json" }
    },
    "args": { "base_version": "4_0_0" },
    "resourceType": "Observation",
    "startTime": 1714472055132,
    "action": "create",
    "error": {
        "message": "Validation Failed",
        "statusCode": 400,
        "issue": [
            {
                "severity": "error",
                "code": "invalid",
                "details": {
                    "text": "/4_0_0/Observation/ should have required property 'status' :{\"missingProperty\":\"status\"}: at position root"
                }
            },
            {
                "severity": "error",
                "code": "invalid",
                "details": {
                    "text": "/4_0_0/Observation/ should match exactly one schema in oneOf :{\"passingSchemas\":null}: at position root"
                }
            }
        ]
    }
}
