{
  "class": {
    "code": "AMB",
    "id": "e95cc1a6-adcd-5d83-a7f6-07a366660ef0",
    "system": "http://terminology.hl7.org/CodeSystem/v3-ActCode"
  },
  "id": "1",
  "identifier": [
    {
      "id": "sourceId",
      "system": "https://www.icanbwell.com/sourceId",
      "value": "1"
    },
    {
      "id": "uuid",
      "system": "https://www.icanbwell.com/uuid",
      "value": "c87b8e53-b3db-53a0-aa92-05f4a3fb9d15"
    }
  ],
  "location": [
    {
      "location": {
        "extension": [
          {
            "id": "sourceId",
            "url": "https://www.icanbwell.com/sourceId",
            "valueString": "Location/1"
          },
          {
            "id": "uuid",
            "url": "https://www.icanbwell.com/uuid",
            "valueString": "Location/c87b8e53-b3db-53a0-aa92-05f4a3fb9d15"
          },
          {
            "id": "sourceAssigningAuthority",
            "url": "https://www.icanbwell.com/sourceAssigningAuthority",
            "valueString": "client"
          }
        ],
        "reference": "Location/1"
      }
    }
  ],
  "meta": {
    "security": [
      {
        "code": "client",
        "id": "1642e685-6de9-5bdb-89e8-b62ffe4420eb",
        "system": "https://www.icanbwell.com/owner"
      },
      {
        "code": "client",
        "id": "cea955c4-9b2c-5b0d-8b48-acfd40cabb59",
        "system": "https://www.icanbwell.com/sourceAssigningAuthority"
      }
    ],
    "source": "https://www.icanbwell.com",
    "versionId": "1"
  },
  "participant": [
    {
      "individual": {
        "extension": [
          {
            "id": "sourceId",
            "url": "https://www.icanbwell.com/sourceId",
            "valueString": "Practitioner/1"
          },
          {
            "id": "uuid",
            "url": "https://www.icanbwell.com/uuid",
            "valueString": "Practitioner/c87b8e53-b3db-53a0-aa92-05f4a3fb9d15"
          },
          {
            "id": "sourceAssigningAuthority",
            "url": "https://www.icanbwell.com/sourceAssigningAuthority",
            "valueString": "client"
          }
        ],
        "reference": "Practitioner/1"
      },
      "period": {
        "end": "2016-10-17T10:46:19+00:00",
        "start": "2016-10-17T10:17:57+00:00"
      },
      "type": [
        {
          "coding": [
            {
              "id": "6067bd90-7d0f-5fa5-ab3c-32182b099c1a",
              "code": "PPRF",
              "display": "primary performer",
              "system": "http://terminology.hl7.org/CodeSystem/v3-ParticipationType"
            }
          ],
          "text": "primary performer"
        }
      ]
    }
  ],
  "period": {
    "end": "2016-10-17T10:46:19+00:00",
    "start": "2016-10-17T10:17:57+00:00"
  },
  "resourceType": "Encounter",
  "serviceProvider": {
    "extension": [
      {
        "id": "sourceId",
        "url": "https://www.icanbwell.com/sourceId",
        "valueString": "Organization/1"
      },
      {
        "id": "uuid",
        "url": "https://www.icanbwell.com/uuid",
        "valueString": "Organization/c87b8e53-b3db-53a0-aa92-05f4a3fb9d15"
      },
      {
        "id": "sourceAssigningAuthority",
        "url": "https://www.icanbwell.com/sourceAssigningAuthority",
        "valueString": "client"
      }
    ],
    "reference": "Organization/1"
  },
  "status": "finished",
  "subject": {
    "extension": [
      {
        "id": "sourceId",
        "url": "https://www.icanbwell.com/sourceId",
        "valueString": "Patient/1"
      },
      {
        "id": "uuid",
        "url": "https://www.icanbwell.com/uuid",
        "valueString": "Patient/c87b8e53-b3db-53a0-aa92-05f4a3fb9d15"
      },
      {
        "id": "sourceAssigningAuthority",
        "url": "https://www.icanbwell.com/sourceAssigningAuthority",
        "valueString": "client"
      }
    ],
    "reference": "Patient/1"
  },
  "type": [
    {
      "coding": [
        {
          "id": "7cd1df1f-b82a-5e27-82bb-cd6df77190f4",
          "code": "185349003",
          "display": "Encounter for 'check-up'",
          "system": "http://snomed.info/sct"
        }
      ],
      "text": "Encounter for 'check-up'"
    }
  ]
}
