{
    "address": [
        {
            "city": "Berea",
            "line": [
                "123 Main St.",
                "Suite 102"
            ],
            "postalCode": "50002",
            "state": "IA"
        }
    ],
    "birthDate": "1950-10-10",
    "gender": "female",
    "id": "1",
    "identifier": [
        {
            "system": "https://www.icanbwell.com",
            "type": {
                "coding": [
                    {
                        "id": "866c7fe6-2825-5413-9ca6-3a3fe7846140",
                        "code": "FHIR_id",
                        "display": "bWell FHIR id",
                        "system": "https://www.icanbwell.com"
                    }
                ]
            },
            "value": "bwell-xxx"
        },
        {
            "id": "sourceId",
            "system": "https://www.icanbwell.com/sourceId",
            "value": "1"
        },
        {
            "id": "uuid",
            "system": "https://www.icanbwell.com/uuid",
            "value": "c87b8e53-b3db-53a0-aa92-05f4a3fb9d15"
        }
    ],
    "link": [
        {
            "assurance": "level4",
            "target": {
                "extension": [
                    {
                        "id": "sourceId",
                        "url": "https://www.icanbwell.com/sourceId",
                        "valueString": "Patient/xxx"
                    },
                    {
                        "id": "uuid",
                        "url": "https://www.icanbwell.com/uuid",
                        "valueString": "Patient/d656717e-a9e8-5539-8488-2c5bddfd279d"
                    },
                    {
                        "id": "sourceAssigningAuthority",
                        "url": "https://www.icanbwell.com/sourceAssigningAuthority",
                        "valueString": "client"
                    }
                ],
                "reference": "Patient/xxx",
                "type": "Patient"
            }
        }
    ],
    "meta": {
        "security": [
          {
            "code": "client",
            "id": "21b6850a-a1fb-5de3-8f69-7962d5394390",
            "system": "https://www.icanbwell.com/access"
          },
          {
            "code": "client",
            "id": "1642e685-6de9-5bdb-89e8-b62ffe4420eb",
            "system": "https://www.icanbwell.com/owner"
          },
          {
            "code": "client",
            "id": "cea955c4-9b2c-5b0d-8b48-acfd40cabb59",
            "system": "https://www.icanbwell.com/sourceAssigningAuthority"
          }
        ],
        "source": "client",
        "versionId": "1"
    },
    "name": [
        {
            "family": "Test2",
            "given": [
                "Test1"
            ],
            "use": "official"
        }
    ],
    "resourceType": "Person",
    "telecom": [
        {
            "system": "phone",
            "use": "home",
            "value": "+14435705277"
        },
        {
            "system": "email",
            "use": "home",
            "value": "yelena+stageuph200@icanbwell.com"
        }
    ]
}
