{
  "entry": [
    {
      "resource": {
        "active": true,
        "communication": [
          {
            "coding": [
              {
                "id": "dbafba35-4de0-5924-a3fb-491aa1b99e6d",
                "code": "en",
                "system": "urn:ietf:bcp:47"
              }
            ]
          }
        ],
        "gender": "unknown",
        "id": "1679033641",
        "identifier": [
          {
            "system": "http://clienthealth.org",
            "type": {
              "coding": [
                {
                  "id": "c43d55b1-820c-598b-94b2-dbec4db44b9e",
                  "code": "PRN",
                  "system": "http://terminology.hl7.org/CodeSystem/v2-0203"
                }
              ]
            },
            "use": "usual",
            "value": "4657"
          },
          {
            "system": "http://hl7.org/fhir/sid/us-npi",
            "type": {
              "coding": [
                {
                  "id": "e6e3086f-d120-5e5e-8744-6af40a836e8c",
                  "code": "NPI",
                  "system": "http://terminology.hl7.org/CodeSystem/v2-0203"
                }
              ]
            },
            "use": "official",
            "value": "1679033641"
          },
          {
            "id": "sourceId",
            "system": "https://www.icanbwell.com/sourceId",
            "value": "1679033641"
          },
          {
            "id": "uuid",
            "system": "https://www.icanbwell.com/uuid",
            "value": "aa8a8ff8-af25-5878-8cf3-bc74227d44dd"
          }
        ],
        "meta": {
        "security": [
          {
            "code": "client",
            "id": "21b6850a-a1fb-5de3-8f69-7962d5394390",
            "system": "https://www.icanbwell.com/access"
          },
          {
            "code": "client",
            "id": "1642e685-6de9-5bdb-89e8-b62ffe4420eb",
            "system": "https://www.icanbwell.com/owner"
          },
          {
            "code": "client",
            "id": "cea955c4-9b2c-5b0d-8b48-acfd40cabb59",
            "system": "https://www.icanbwell.com/sourceAssigningAuthority"
          }
        ],
          "source": "client",
          "versionId": "1"
        },
        "name": [
          {
            "family": "NAJJAR  MD",
            "given": [
              "SAMER S."
            ],
            "text": "SAMER S. NAJJAR  MD",
            "use": "usual"
          },
          {
            "family": "NAJJAR  MD",
            "given": [
              "SAMER S."
            ],
            "text": "NAJJAR  MD, SAMER S.",
            "use": "usual"
          }
        ],
        "qualification": [
          {
            "code": {
              "coding": [
                {
                  "id": "c80483dd-19aa-5e37-a22c-9ca194885571",
                  "code": "MD",
                  "system": "http://terminology.hl7.org/ValueSet/v2-2.7-030"
                }
              ]
            }
          },
          {
            "code": {
              "coding": [
                {
                  "id": "c80483dd-19aa-5e37-a22c-9ca194885571",
                  "code": "MD",
                  "system": "http://terminology.hl7.org/ValueSet/v2-2.7-030"
                }
              ]
            },
            "issuer": {
              "extension": [
                {
                  "id": "sourceId",
                  "url": "https://www.icanbwell.com/sourceId",
                  "valueString": "Organization/Stanford_Medical_School"
                },
                {
                  "id": "uuid",
                  "url": "https://www.icanbwell.com/uuid",
                  "valueString": "Organization/e72e1b5c-00ca-5961-acb4-2aa7a435c3e5"
                },
                {
                  "id": "sourceAssigningAuthority",
                  "url": "https://www.icanbwell.com/sourceAssigningAuthority",
                  "valueString": "client"
                }
              ],
              "reference": "Organization/Stanford_Medical_School"
            },
            "period": {
              "end": "2021-12-11",
              "start": "1960-01-01"
            }
          }
        ],
        "resourceType": "Practitioner",
        "telecom": [
          {
            "system": "email",
            "use": "work",
            "value": "foo@foo.com"
          },
          {
            "system": "phone",
            "use": "work",
            "value": "1234567890"
          }
        ]
      }
    }
  ],
  "meta": {
    "tag": [
      {
        "display": "db.Practitioner_4_0_0.find({'$and':[{'identifier.value':{'$regex':'465','$options':'i'}},{'meta.tag':{'$not':{'$elemMatch':{'system':'https://fhir.icanbwell.com/4_0_0/CodeSystem/server-behavior','code':'hidden'}}}}]}, {}).sort({'_uuid':1}).limit(100)",
        "system": "https://www.icanbwell.com/query"
      },
      {
        "code": "Practitioner_4_0_0",
        "system": "https://www.icanbwell.com/queryCollection"
      },
      {
        "display": "{'limit':100,'sort':{'_uuid':1}}",
        "system": "https://www.icanbwell.com/queryOptions"
      },
      {
        "display": "['identifier.value','meta.tag.system','meta.tag.code','_uuid']",
        "system": "https://www.icanbwell.com/queryFields"
      },
      {
        "system": "https://www.icanbwell.com/queryTime"
      },
      {
        "display": "{'useTwoStepSearchOptimization':undefined}",
        "system": "https://www.icanbwell.com/queryOptimization"
      },
      {
        "code": "fhir",
        "system": "https://www.icanbwell.com/queryDatabase"
      },
      {
        "system": "https://www.icanbwell.com/queryExplain"
      },
      {
        "system": "https://www.icanbwell.com/queryExplainSimple"
      }
    ]
  },
  "resourceType": "Bundle",
  "total": 0,
  "type": "searchset"
}
