{
    "address": [
        {
            "city": "Austin",
            "line": ["801 W 5th St"],
            "postalCode": "78703",
            "state": "TX"
        }
    ],
    "birthDate": "1991-09-11",
    "gender": "male",
    "id": "1",
    "identifier": [
        {
            "system": "https://www.icanbwell.com",
            "type": {
                "coding": [
                    {
                        "id": "866c7fe6-2825-5413-9ca6-3a3fe7846140",
                        "code": "FHIR_id",
                        "display": "bWell FHIR id",
                        "system": "https://www.icanbwell.com"
                    }
                ]
            },
            "value": "bwell-aba5bcf41cf64435839cf0568c121843"
        },
        {
            "id": "sourceId",
            "system": "https://www.icanbwell.com/sourceId",
            "value": "1"
        },
        {
            "id": "uuid",
            "system": "https://www.icanbwell.com/uuid",
            "value": "61abdd48-df46-5e98-ac6c-fde3cace4d07"
        }
    ],
    "link": [
        {
            "target": {
                "extension": [
                    {
                        "id": "sourceId",
                        "url": "https://www.icanbwell.com/sourceId",
                        "valueString": "Patient/1"
                    },
                    {
                        "id": "uuid",
                        "url": "https://www.icanbwell.com/uuid",
                        "valueString": "Patient/61abdd48-df46-5e98-ac6c-fde3cace4d07"
                    },
                    {
                        "id": "sourceAssigningAuthority",
                        "url": "https://www.icanbwell.com/sourceAssigningAuthority",
                        "valueString": "bwell"
                    }
                ],
                "reference": "Patient/1"
            }
        }
    ],
    "meta": {
        "profile": ["http://hl7.org/fhir/us/core/StructureDefinition/us-core-person"],
        "security": [
            {
                "code": "bwell",
                "id": "2d1e0b6f-56fb-5dd9-bc38-f01b5902fde2",
                "system": "https://www.icanbwell.com/access"
            },
            {
                "code": "bwell",
                "id": "70ae40c6-f2bd-54a0-aa66-656be4cce72b",
                "system": "https://www.icanbwell.com/owner"
            },
            {
                "code": "bwell",
                "id": "33ced3c5-0807-582a-b03a-df7d6e95a41c",
                "system": "https://www.icanbwell.com/sourceAssigningAuthority"
            }
        ],
        "source": "bwell",
        "versionId": "2"
    },
    "name": [
        {
            "family": "essnhlmvgt",
            "given": ["Sweetie"],
            "use": "official"
        }
    ],
    "resourceType": "Person",
    "telecom": [
        {
            "system": "phone",
            "use": "home",
            "value": "+15125550156"
        },
        {
            "system": "email",
            "use": "home",
            "value": "bwell+62365zoakm@mailinator.com"
        }
    ]
}
