[
  {
    "resourceType": "Observation",
    "id": "2f6efea1-1226-4505-a20f-f84dac7a8de6",
    "meta": {
      "versionId": "1",
      "lastUpdated": "2023-11-10T12:51:45.000Z",
      "source": "/patients",
          "security": [
            {
              "system": "https://www.icanbwell.com/owner",
              "id": "eae87972-b570-51a0-9628-732cdb06bd5d",
              "code": "highmark"
            },
            {
              "system": "https://www.icanbwell.com/access",
              "id": "59edcb62-f59d-58cf-b8f9-d0daa1a82fe0",
              "code": "highmark"
            },
            {
              "system": "https://www.icanbwell.com/vendor",
              "id": "401c0ce3-bda9-5adb-9a94-af50344f5e8a",
              "code": "highmark"
            },
            {
              "system": "https://www.icanbwell.com/connectionType",
              "id": "2ddb7b9d-413a-59ba-abb6-65774d005ed9",
              "code": "proa"
            },
            {
              "system": "https://www.icanbwell.com/sourceAssigningAuthority",
              "id": "27a87dfe-a760-59f9-b2b5-a3fb72e8396c",
              "code": "highmark"
            }
          ]
    },
    "identifier": [
      {
        "id": "sourceId",
        "system": "https://www.icanbwell.com/sourceId",
        "value": "2f6efea1-1226-4505-a20f-f84dac7a8de6"
      },
      {
        "id": "uuid",
        "system": "https://www.icanbwell.com/uuid",
        "value": "2f6efea1-1226-4505-a20f-f84dac7a8de6"
      }
    ],
    "status": "final",
    "code": {
      "coding": [
        {
          "id": "62186514-8c23-5680-85fd-b6898c99eacb",
          "system": "http://www.icanbwell.com/cql/library",
          "code": "BMI001"
        },
        {
          "id": "77b3739c-725f-5833-a93e-cce825fb7b4a",
          "system": "http://www.icanbwell.com/cql/libraryVersion",
          "code": "1.0.0"
        },
        {
          "id": "977380c4-aca5-57a2-9eab-03eea0c1941d",
          "system": "http://www.icanbwell.com/cql/rule",
          "code": "InAgeCohort"
        }
      ]
    },
    "subject": {
      "extension": [
        {
          "id": "sourceId",
          "url": "https://www.icanbwell.com/sourceId",
          "valueString": "Patient/b380829e-9715-4183-bdaf-803f80c377fe"
        },
        {
          "id": "uuid",
          "url": "https://www.icanbwell.com/uuid",
          "valueString": "Patient/b380829e-9715-4183-bdaf-803f80c377fe"
        },
        {
          "id": "sourceAssigningAuthority",
          "url": "https://www.icanbwell.com/sourceAssigningAuthority",
          "valueString": "highmark"
        }
      ],
      "reference": "Patient/b380829e-9715-4183-bdaf-803f80c377fe"
    },
    "effectivePeriod": {
      "start": "2021-01-01T00:00:00.000Z",
      "end": "2021-12-31T00:00:00.000Z"
    },
    "issued": "2021-01-01T12:00:00.000Z",
    "valueBoolean": false
  },
  {
    "resourceType": "Observation",
    "id": "892a12c1-2def-47e0-b3d4-180d69d22306",
    "meta": {
      "versionId": "1",
      "lastUpdated": "2023-11-10T12:51:45.000Z",
      "source": "/patients",
          "security": [
            {
              "system": "https://www.icanbwell.com/owner",
              "id": "eb8865a8-51b3-555f-9f69-d5e2dd52036a",
              "code": "xyz"
            },
            {
              "system": "https://www.icanbwell.com/access",
              "id": "7263810a-b57b-5fdb-a673-89100bfd048f",
              "code": "xyz"
            },
            {
              "system": "https://www.icanbwell.com/vendor",
              "id": "e54d8448-99f3-53f0-a052-86cff6ceccc3",
              "code": "xyz"
            },
            {
              "system": "https://www.icanbwell.com/connectionType",
              "id": "2ddb7b9d-413a-59ba-abb6-65774d005ed9",
              "code": "proa"
            },
            {
              "system": "https://www.icanbwell.com/sourceAssigningAuthority",
              "id": "10ad1e30-ed55-56f3-beed-57992ee85a14",
              "code": "xyz"
            }
          ]
    },
    "identifier": [
      {
        "id": "sourceId",
        "system": "https://www.icanbwell.com/sourceId",
        "value": "892a12c1-2def-47e0-b3d4-180d69d22306"
      },
      {
        "id": "uuid",
        "system": "https://www.icanbwell.com/uuid",
        "value": "892a12c1-2def-47e0-b3d4-180d69d22306"
      }
    ],
    "status": "final",
    "code": {
      "coding": [
        {
          "id": "62186514-8c23-5680-85fd-b6898c99eacb",
          "system": "http://www.icanbwell.com/cql/library",
          "code": "BMI001"
        },
        {
          "id": "77b3739c-725f-5833-a93e-cce825fb7b4a",
          "system": "http://www.icanbwell.com/cql/libraryVersion",
          "code": "1.0.0"
        },
        {
          "id": "977380c4-aca5-57a2-9eab-03eea0c1941d",
          "system": "http://www.icanbwell.com/cql/rule",
          "code": "InAgeCohort"
        }
      ]
    },
    "subject": {
      "extension": [
        {
          "id": "sourceId",
          "url": "https://www.icanbwell.com/sourceId",
          "valueString": "Patient/ab4426c7-8326-4400-90a9-66d24fbe2e97"
        },
        {
          "id": "uuid",
          "url": "https://www.icanbwell.com/uuid",
          "valueString": "Patient/ab4426c7-8326-4400-90a9-66d24fbe2e97"
        },
        {
          "id": "sourceAssigningAuthority",
          "url": "https://www.icanbwell.com/sourceAssigningAuthority",
          "valueString": "xyz"
        }
      ],
      "reference": "Patient/ab4426c7-8326-4400-90a9-66d24fbe2e97"
    },
    "effectivePeriod": {
      "start": "2021-01-01T00:00:00.000Z",
      "end": "2021-12-31T00:00:00.000Z"
    },
    "issued": "2021-01-01T12:00:00.000Z",
    "valueBoolean": false
  },
  {
    "resourceType": "Observation",
    "id": "d0792955-4ff9-48ee-ba38-2f6d8a1a9a49",
    "meta": {
      "versionId": "1",
      "lastUpdated": "2023-11-10T12:51:45.000Z",
      "source": "/patients",
          "security": [
            {
              "system": "https://www.icanbwell.com/owner",
              "id": "f0eb75ae-8b01-5624-b1c6-1d4b8fef9486",
              "code": "client-1"
            },
            {
              "system": "https://www.icanbwell.com/access",
              "id": "6ecd25a8-d651-54df-a87f-cf15a6096f1e",
              "code": "client-1"
            },
            {
              "system": "https://www.icanbwell.com/vendor",
              "id": "d8f8510a-f9e3-5d1d-b915-b1c81e6372c8",
              "code": "client-1"
            },
            {
              "system": "https://www.icanbwell.com/sourceAssigningAuthority",
              "id": "a5eb71b9-d97f-5f50-80d8-9e78e0bfaea2",
              "code": "client-1"
            }
          ]
    },
    "identifier": [
      {
        "id": "sourceId",
        "system": "https://www.icanbwell.com/sourceId",
        "value": "d0792955-4ff9-48ee-ba38-2f6d8a1a9a49"
      },
      {
        "id": "uuid",
        "system": "https://www.icanbwell.com/uuid",
        "value": "d0792955-4ff9-48ee-ba38-2f6d8a1a9a49"
      }
    ],
    "status": "final",
    "code": {
      "coding": [
        {
          "id": "62186514-8c23-5680-85fd-b6898c99eacb",
          "system": "http://www.icanbwell.com/cql/library",
          "code": "BMI001"
        },
        {
          "id": "77b3739c-725f-5833-a93e-cce825fb7b4a",
          "system": "http://www.icanbwell.com/cql/libraryVersion",
          "code": "1.0.0"
        },
        {
          "id": "977380c4-aca5-57a2-9eab-03eea0c1941d",
          "system": "http://www.icanbwell.com/cql/rule",
          "code": "InAgeCohort"
        }
      ]
    },
    "subject": {
      "extension": [
        {
          "id": "sourceId",
          "url": "https://www.icanbwell.com/sourceId",
          "valueString": "Patient/c42615d2-6a68-4cdd-af63-6646a2169f3c"
        },
        {
          "id": "uuid",
          "url": "https://www.icanbwell.com/uuid",
          "valueString": "Patient/c42615d2-6a68-4cdd-af63-6646a2169f3c"
        },
        {
          "id": "sourceAssigningAuthority",
          "url": "https://www.icanbwell.com/sourceAssigningAuthority",
          "valueString": "client-1"
        }
      ],
      "reference": "Patient/c42615d2-6a68-4cdd-af63-6646a2169f3c"
    },
    "effectivePeriod": {
      "start": "2021-01-01T00:00:00.000Z",
      "end": "2021-12-31T00:00:00.000Z"
    },
    "issued": "2021-01-01T12:00:00.000Z",
    "valueBoolean": false
  }
]
