[
    {
        "id": "1",
        "resourceType": "Group",
        "meta": {
            "versionId": "1",
            "source": "test",
          "security": [
            {
              "system": "https://www.icanbwell.com/owner",
              "id": "1642e685-6de9-5bdb-89e8-b62ffe4420eb",
              "code": "client"
            },
            {
              "system": "https://www.icanbwell.com/sourceAssigningAuthority",
              "id": "cea955c4-9b2c-5b0d-8b48-acfd40cabb59",
              "code": "client"
            }
          ]
        },
        "type": "animal",
        "actual": true,
        "identifier": [
            {
                "id": "sourceId",
                "system": "https://www.icanbwell.com/sourceId",
                "value": "1"
            },
            {
                "id": "uuid",
                "system": "https://www.icanbwell.com/uuid",
                "value": "c87b8e53-b3db-53a0-aa92-05f4a3fb9d15"
            }
        ],
        "member": [
            {
                "entity": {
                    "extension": [
                        {
                            "id": "sourceId",
                            "url": "https://www.icanbwell.com/sourceId",
                            "valueString": "Patient/fb24bfaa-af9c-42b6-b2f6-74402c7edbfe"
                        },
                        {
                            "id": "uuid",
                            "url": "https://www.icanbwell.com/uuid",
                            "valueString": "Patient/fb24bfaa-af9c-42b6-b2f6-74402c7edbfe"
                        },
                        {
                            "id": "sourceAssigningAuthority",
                            "url": "https://www.icanbwell.com/sourceAssigningAuthority",
                            "valueString": "client"
                        }
                    ],
                    "reference": "Patient/fb24bfaa-af9c-42b6-b2f6-74402c7edbfe"
                }
            }
        ]
    }
]
