{
  "_id": "63eeb548b6b13acb9e03769a",
  "id": "123",
  "request": {
    "id": "4305c61a-fe93-4f72-af22-0d0e8e6e9c0e",
    "method": "POST",
    "url": "/4_0_0/Observation/123"
  },
  "resource": {
    "_access": {
      "bwell": 1
    },
    "_sourceAssigningAuthority": "bwell",
    "_sourceId": "123",
    "_uuid": "d3adcaf2-1161-5f9c-8fbd-3148b9eb2122",
    "code": {
      "coding": [
        {
          "code": "APH1",
          "system": "http://www.icanbwell.com/cql/library"
        },
        {
          "system": "http://www.icanbwell.com/cql/libraryVersion"
        },
        {
          "code": "Completed_Output_Obs",
          "system": "http://www.icanbwell.com/cql/rule"
        }
      ]
    },
    "effectiveDateTime": "2023-02-02T03:16:38.000Z",
    "extension": [
      {
        "url": "https://www.icanbwell.com/sourceType",
        "valueString": "cql-engine"
      }
    ],
    "id": "123",
    "identifier": [
      {
        "system": "https://www.icanbwell.com",
        "value": "0074890c-bcdd-4a8e-9d7e-532e4ea8a702"
      },
      {
        "id": "sourceId",
        "system": "https://www.icanbwell.com/sourceId",
        "value": "123"
      },
      {
        "id": "uuid",
        "system": "https://www.icanbwell.com/uuid",
        "value": "d3adcaf2-1161-5f9c-8fbd-3148b9eb2122"
      }
    ],
    "meta": {
      "lastUpdated": "2023-02-16T22:59:20.000Z",
      "security": [
        {
          "code": "bwell",
          "system": "https://www.icanbwell.com/owner"
        },
        {
          "code": "bwell",
          "system": "https://www.icanbwell.com/access"
        },
        {
          "code": "bwell",
          "system": "https://www.icanbwell.com/sourceAssigningAuthority"
        }
      ],
      "source": "http://www.icanbwell.com/cql",
      "versionId": "1"
    },
    "resourceType": "Observation",
    "status": "final",
    "subject": {
      "_sourceAssigningAuthority": "bwell",
      "_sourceId": "Patient/person.90000000-0000-0000-0000-000000000003",
      "_uuid": "Patient/person.90000000-0000-0000-0000-000000000003",
      "extension": [
        {
          "id": "sourceId",
          "url": "https://www.icanbwell.com/sourceId",
          "valueString": "Patient/person.90000000-0000-0000-0000-000000000003"
        },
        {
          "id": "uuid",
          "url": "https://www.icanbwell.com/uuid",
          "valueString": "Patient/person.90000000-0000-0000-0000-000000000003"
        },
        {
          "id": "sourceAssigningAuthority",
          "url": "https://www.icanbwell.com/sourceAssigningAuthority",
          "valueString": "bwell"
        }
      ],
      "reference": "Patient/person.90000000-0000-0000-0000-000000000003"
    },
    "valueBoolean": false
  }
}
