{
  "entry": [
    {
      "resource": {
        "gender": "male",
        "generalPractitioner": [
          {
            "extension": [
              {
                "id": "sourceId",
                "url": "https://www.icanbwell.com/sourceId",
                "valueString": "22"
              },
              {
                "id": "uuid",
                "url": "https://www.icanbwell.com/uuid",
                "valueString": "3de21b74-cffe-5e64-86be-5feda311fea5"
              },
              {
                "id": "sourceAssigningAuthority",
                "url": "https://www.icanbwell.com/sourceAssigningAuthority",
                "valueString": "medstar"
              }
            ],
            "id": "1",
            "reference": "Practitioner/22"
          }
        ],
        "id": "1",
        "identifier": [
          {
            "id": "sourceId",
            "system": "https://www.icanbwell.com/sourceId",
            "value": "1"
          },
          {
            "id": "uuid",
            "system": "https://www.icanbwell.com/uuid",
            "value": "18ba3527-77e0-5ae6-a872-181654110d28"
          }
        ],
        "managingOrganization": {
          "extension": [
            {
              "id": "sourceId",
              "url": "https://www.icanbwell.com/sourceId",
              "valueString": "33"
            },
            {
              "id": "uuid",
              "url": "https://www.icanbwell.com/uuid",
              "valueString": "6a8e065c-851b-5e4b-9d12-3fb51e2122d3"
            },
            {
              "id": "sourceAssigningAuthority",
              "url": "https://www.icanbwell.com/sourceAssigningAuthority",
              "valueString": "medstar"
            }
          ],
          "reference": "Organization/33"
        },
        "meta": {
          "security": [
            {
              "code": "medstar",
              "system": "https://www.icanbwell.com/access"
            },
            {
              "code": "medstar",
              "system": "https://www.icanbwell.com/owner"
            },
            {
              "code": "medstar",
              "system": "https://www.icanbwell.com/sourceAssigningAuthority"
            }
          ],
          "source": "http://medstarhealth.org/provider",
          "versionId": "2"
        },
        "resourceType": "Patient"
      }
    }
  ],
  "resourceType": "Bundle",
  "total": 0,
  "type": "searchset"
}
