{
  "entry": [
    {
      "id": "1275501447-UHG-MMMA",
      "resource": {
        "actor": [
          {
            "extension": [
              {
                "id": "sourceId",
                "url": "https://www.icanbwell.com/sourceId",
                "valueString": "PractitionerRole/1275501447-UHG-MMMA"
              },
              {
                "id": "uuid",
                "url": "https://www.icanbwell.com/uuid",
                "valueString": "PractitionerRole/7967a931-2cbe-58b8-9c8d-7be14edd1440"
              },
              {
                "id": "sourceAssigningAuthority",
                "url": "https://www.icanbwell.com/sourceAssigningAuthority",
                "valueString": "client"
              }
            ],
            "reference": "PractitionerRole/1275501447-UHG-MMMA"
          }
        ],
        "id": "1275501447-UHG-MMMA",
        "identifier": [
          {
            "id": "sourceId",
            "system": "https://www.icanbwell.com/sourceId",
            "value": "1275501447-UHG-MMMA"
          },
          {
            "id": "uuid",
            "system": "https://www.icanbwell.com/uuid",
            "value": "7967a931-2cbe-58b8-9c8d-7be14edd1440"
          }
        ],
        "meta": {
          "security": [
            {
              "code": "client",
              "system": "https://www.icanbwell.com/access"
            },
            {
              "code": "client",
              "system": "https://www.icanbwell.com/owner"
            },
            {
              "code": "client",
              "system": "https://www.icanbwell.com/sourceAssigningAuthority"
            }
          ],
          "source": "http://clienthealth.org/provider_appointment_type",
          "versionId": "1"
        },
        "resourceType": "Schedule",
        "serviceType": [
          {
            "coding": [
              {
                "id": "d2c54220-f5a5-5fef-a4bf-02f462ab23ac",
                "code": "LNG",
                "display": "LNG",
                "system": "http://clienthealth.org/appointment-type"
              }
            ],
            "text": "Client Appointment Type"
          },
          {
            "coding": [
              {
                "id": "bb9d7634-0c9e-587a-a9f3-c59348b15f12",
                "code": "EV4",
                "display": "EV4",
                "system": "http://clienthealth.org/appointment-type"
              }
            ],
            "text": "Client Appointment Type"
          },
          {
            "coding": [
              {
                "id": "1ca85247-b391-58b3-9adf-6c45f340c1c6",
                "code": "SHT",
                "display": "SHT",
                "system": "http://clienthealth.org/appointment-type"
              }
            ],
            "text": "Client Appointment Type"
          },
          {
            "coding": [
              {
                "id": "02b5eab5-a884-50e3-9a31-e528b0f94953",
                "code": "ERN",
                "display": "ERN",
                "system": "http://clienthealth.org/appointment-type"
              }
            ],
            "text": "Client Appointment Type"
          },
          {
            "coding": [
              {
                "id": "f53ca44a-3ccf-5e7c-9b40-ff363ba08cc7",
                "code": "PHN",
                "display": "PHN",
                "system": "http://clienthealth.org/appointment-type"
              }
            ],
            "text": "Client Appointment Type"
          },
          {
            "coding": [
              {
                "id": "5fbb26ed-bf4b-514d-b1fd-29735b27c746",
                "code": "PrimaryCare",
                "display": "PrimaryCare",
                "system": "http://clienthealth.org/protocol"
              }
            ],
            "text": "Client Protocol Departments"
          }
        ]
      }
    },
    {
      "id": "1275501447-UHG-MMMA",
      "resource": {
        "code": [
          {
            "coding": [
              {
                "id": "a570c0a2-5ec8-56b1-9dea-e4cfcae9ed87",
                "code": "doctor",
                "system": "http://terminology.hl7.org/CodeSystem/practitioner-role"
              }
            ]
          },
          {
            "coding": [
              {
                "id": "a570c0a2-5ec8-56b1-9dea-e4cfcae9ed87",
                "code": "doctor",
                "display": "Doctor",
                "system": "http://terminology.hl7.org/CodeSystem/practitioner-role"
              }
            ],
            "text": "Doctor"
          }
        ],
        "healthcareService": [
          {
            "extension": [
              {
                "id": "sourceId",
                "url": "https://www.icanbwell.com/sourceId",
                "valueString": "HealthcareService/1275501447-UHG-MMMA"
              },
              {
                "id": "uuid",
                "url": "https://www.icanbwell.com/uuid",
                "valueString": "HealthcareService/7967a931-2cbe-58b8-9c8d-7be14edd1440"
              },
              {
                "id": "sourceAssigningAuthority",
                "url": "https://www.icanbwell.com/sourceAssigningAuthority",
                "valueString": "client"
              }
            ],
            "reference": "HealthcareService/1275501447-UHG-MMMA"
          }
        ],
        "id": "1275501447-UHG-MMMA",
        "identifier": [
          {
            "system": "http://clienthealth.org",
            "type": {
              "coding": [
                {
                  "id": "0ca37d31-8d6c-5599-aabe-cda73e1923c5",
                  "code": "Client Provider-Protocol",
                  "display": "Client Provider-Protocol",
                  "system": "http://clienthealth.org"
                }
              ]
            },
            "use": "usual",
            "value": "1275501447-UHG-MMMA"
          },
          {
            "id": "sourceId",
            "system": "https://www.icanbwell.com/sourceId",
            "value": "1275501447-UHG-MMMA"
          },
          {
            "id": "uuid",
            "system": "https://www.icanbwell.com/uuid",
            "value": "7967a931-2cbe-58b8-9c8d-7be14edd1440"
          }
        ],
        "location": [
          {
            "extension": [
              {
                "id": "sourceId",
                "url": "https://www.icanbwell.com/sourceId",
                "valueString": "Location/Client-Alias-UHG-MMMA"
              },
              {
                "id": "uuid",
                "url": "https://www.icanbwell.com/uuid",
                "valueString": "Location/7eda3b8b-16ac-5b12-bc15-d43b28e47512"
              },
              {
                "id": "sourceAssigningAuthority",
                "url": "https://www.icanbwell.com/sourceAssigningAuthority",
                "valueString": "client"
              }
            ],
            "reference": "Location/Client-Alias-UHG-MMMA"
          }
        ],
        "meta": {
          "security": [
            {
              "code": "client",
              "system": "https://www.icanbwell.com/access"
            },
            {
              "code": "client",
              "system": "https://www.icanbwell.com/owner"
            },
            {
              "code": "client",
              "system": "https://www.icanbwell.com/sourceAssigningAuthority"
            }
          ],
          "source": "http://clienthealth.org/provider",
          "versionId": "1"
        },
        "organization": {
          "extension": [
            {
              "id": "sourceId",
              "url": "https://www.icanbwell.com/sourceId",
              "valueString": "Organization/Client-Alias-UHG-MMMA"
            },
            {
              "id": "uuid",
              "url": "https://www.icanbwell.com/uuid",
              "valueString": "Organization/7eda3b8b-16ac-5b12-bc15-d43b28e47512"
            },
            {
              "id": "sourceAssigningAuthority",
              "url": "https://www.icanbwell.com/sourceAssigningAuthority",
              "valueString": "client"
            }
          ],
          "reference": "Organization/Client-Alias-UHG-MMMA"
        },
        "practitioner": {
          "extension": [
            {
              "id": "sourceId",
              "url": "https://www.icanbwell.com/sourceId",
              "valueString": "Practitioner/1275501447"
            },
            {
              "id": "uuid",
              "url": "https://www.icanbwell.com/uuid",
              "valueString": "Practitioner/48765a7f-5686-5e7a-9851-ed6a1d09d736"
            },
            {
              "id": "sourceAssigningAuthority",
              "url": "https://www.icanbwell.com/sourceAssigningAuthority",
              "valueString": "client"
            }
          ],
          "reference": "Practitioner/1275501447"
        },
        "resourceType": "PractitionerRole",
        "specialty": [
          {
            "coding": [
              {
                "id": "cb2125ad-b545-55bc-9457-288161868a5c",
                "code": "261QP2300X",
                "display": "Primary Care",
                "system": "http://nucc.org/provider-taxonomy"
              }
            ],
            "text": "Primary Care Flag"
          }
        ]
      }
    }
  ],
  "resourceType": "Bundle",
  "total": 2,
  "type": "searchset"
}
