{
  "id": "1",
  "identifier": [
    {
      "id": "sourceId",
      "system": "https://www.icanbwell.com/sourceId",
      "value": "1"
    },
    {
      "id": "uuid",
      "system": "https://www.icanbwell.com/uuid",
      "value": "a4180a37-488c-5d9a-8b8e-61363687b1f2"
    }
  ],
  "meta": {
    "security": [
      {
        "code": "access",
        "id": "9577400a-46de-52fa-9cfe-80f65f67611c",
        "system": "https://www.icanbwell.com/access"
      },
      {
        "code": "owner",
        "id": "3607e02d-135a-5386-bd89-32281c49913c",
        "system": "https://www.icanbwell.com/owner"
      },
      {
        "code": "owner",
        "id": "2e2a082f-78d2-5773-921a-451f69aaa157",
        "system": "https://www.icanbwell.com/sourceAssigningAuthority"
      }
    ],
    "source": "test",
    "versionId": "1"
  },
  "resourceType": "Patient"
}
