{
    "resourceType": "Patient",
    "id": "1",
    "identifier": [
        {
            "id": "sourceId",
            "system": "https://www.icanbwell.com/sourceId",
            "value": "1"
        },
        {
            "id": "uuid",
            "system": "https://www.icanbwell.com/uuid",
            "value": "96eb1fd2-b2af-5315-9e09-dae5ee44056b"
        }
    ],
    "meta": {
        "versionId": "1",
        "source": "https://client.com/1",
        "security": [
            {
                "system": "https://www.icanbwell.com/access",
                "id": "e9e75a85-6909-50cd-8cbc-17a8ae372d6e",
                "code": "proa"
            },
            {
                "system": "https://www.icanbwell.com/connectionType",
                "id": "2ddb7b9d-413a-59ba-abb6-65774d005ed9",
                "code": "proa"
            },
            {
                "system": "https://www.icanbwell.com/owner",
                "id": "0bb54f5c-269a-5ef4-9954-cdd73132c97b",
                "code": "proa"
            },
            {
                "code": "proa",
                "id": "c0ec2d9e-21a0-5089-83cf-1f18883bbd20",
                "system": "https://www.icanbwell.com/sourceAssigningAuthority"
            }
        ]
    },
    "managingOrganization": {
        "extension": [
            {
                "id": "sourceId",
                "url": "https://www.icanbwell.com/sourceId",
                "valueString": "Organization/1"
            },
            {
                "id": "uuid",
                "url": "https://www.icanbwell.com/uuid",
                "valueString": "Organization/96eb1fd2-b2af-5315-9e09-dae5ee44056b"
            },
            {
                "id": "sourceAssigningAuthority",
                "url": "https://www.icanbwell.com/sourceAssigningAuthority",
                "valueString": "proa"
            }
        ],
        "reference": "Organization/1",
        "display": "ACME Healthcare, Inc"
    }
}
