{
    "code": {
        "coding": [
            {
                "code": "Actin (Smooth Muscle) Antibody testing for id"
            }
        ],
        "text": "Actin (Smooth Muscle) Antibody"
    },
    "effectiveDateTime": "2015-01-01T17:48:00.000Z",
    "id": "HumanApi-1234567890123456789abcdef-Actin--Smooth-Muscle--Antibod",
    "identifier": [
        {
            "id": "sourceId",
            "system": "https://www.icanbwell.com/sourceId",
            "value": "HumanApi-1234567890123456789abcdef-Actin--Smooth-Muscle--Antibod"
        },
        {
            "id": "uuid",
            "system": "https://www.icanbwell.com/uuid",
            "value": "5cea2fec-9402-5661-90f8-60ea8c2981a2"
        }
    ],
    "meta": {
        "security": [
            {
                "code": "humanapi",
                "id": "owner",
                "system": "https://www.icanbwell.com/owner"
            },
            {
                "code": "humanapi",
                "id": "a28d0e51-81a7-59e2-81fb-ba97f076241a",
                "system": "https://www.icanbwell.com/access"
            },
            {
                "code": "humanapi",
                "id": "98c80e4b-fce7-5b56-8287-3d9f11d044ab",
                "system": "https://www.icanbwell.com/connectionType"
            },
            {
                "code": "humanapi",
                "id": "0920c004-304a-52ca-b152-a8ba0b8814ea",
                "system": "https://www.icanbwell.com/sourceAssigningAuthority"
            }
        ],
        "source": "test_results",
        "versionId": "1"
    },
    "performer": [
        {
            "display": "Kaiser S - Desert Valley Gastroenterology"
        }
    ],
    "referenceRange": [
        {
            "high": {
                "unit": "Units"
            },
            "id": "reference-range",
            "low": {
                "unit": "Units"
            },
            "text": "0-19"
        }
    ],
    "resourceType": "Observation",
    "status": "final",
    "valueQuantity": {
        "unit": "Units",
        "value": 12
    }
}
