{
    "resourceType": "Patient",
    "id": "1",
    "identifier": [
        {
            "id": "sourceId",
            "system": "https://www.icanbwell.com/sourceId",
            "value": "1"
        },
        {
            "id": "uuid",
            "system": "https://www.icanbwell.com/uuid",
            "value": "e8c1b4a5-f998-5793-8fbe-f9fea31c00ab"
        }
    ],
    "meta": {
        "versionId": "1",
        "source": "https://client.com/1",
        "security": [
            {
                "system": "https://www.icanbwell.com/access",
                "id": "a28d0e51-81a7-59e2-81fb-ba97f076241a",
                "code": "humanapi"
            },
            {
                "system": "https://www.icanbwell.com/connectionType",
                "id": "98c80e4b-fce7-5b56-8287-3d9f11d044ab",
                "code": "humanapi"
            },
            {
                "system": "https://www.icanbwell.com/owner",
                "id": "0fe95d13-9770-558c-9bad-ac4d76ce930e",
                "code": "humanapi"
            },
            {
                "code": "humanapi",
                "id": "0920c004-304a-52ca-b152-a8ba0b8814ea",
                "system": "https://www.icanbwell.com/sourceAssigningAuthority"
            }
        ]
    },
    "managingOrganization": {
        "extension": [
            {
                "id": "sourceId",
                "url": "https://www.icanbwell.com/sourceId",
                "valueString": "Organization/1"
            },
            {
                "id": "uuid",
                "url": "https://www.icanbwell.com/uuid",
                "valueString": "Organization/e8c1b4a5-f998-5793-8fbe-f9fea31c00ab"
            },
            {
                "id": "sourceAssigningAuthority",
                "url": "https://www.icanbwell.com/sourceAssigningAuthority",
                "valueString": "humanapi"
            }
        ],
        "reference": "Organization/1",
        "display": "ACME Healthcare, Inc"
    }
}
