[
  {
    "_access": {
      "bwell": 1
    },
    "_sourceAssigningAuthority": {
      "bwell": 1
    },
    "action": "C",
    "agent": [
      {
        "altId": "user/*.read user/*.write access/*.*",
        "name": "imran",
        "network": {
          "type": 2
        },
        "requestor": true,
        "who": {
          "extension": [
            {
              "id": "sourceId",
              "url": "https://www.icanbwell.com/sourceId",
              "valueString": "imran"
            },
            {
              "id": "uuid",
              "url": "https://www.icanbwell.com/uuid",
              "valueString": "63d18720-c48b-534c-9127-76e01034414f"
            },
            {
              "id": "sourceAssigningAuthority",
              "url": "https://www.icanbwell.com/sourceAssigningAuthority",
              "valueString": "bwell"
            }
          ],
          "reference": "Person/imran"
        }
      }
    ],
    "entity": [
      {
        "detail": [
          {
            "type": "base_version",
            "valueString": "4_0_0"
          },
          {
            "type": "validate",
            "valueString": "true"
          }
        ],
        "what": {
          "extension": [
            {
              "id": "sourceId",
              "url": "https://www.icanbwell.com/sourceId",
              "valueString": "1679033641"
            },
            {
              "id": "uuid",
              "url": "https://www.icanbwell.com/uuid",
              "valueString": "b3f870ff-dcbd-51bb-95a9-567cd3b142d4"
            },
            {
              "id": "sourceAssigningAuthority",
              "url": "https://www.icanbwell.com/sourceAssigningAuthority",
              "valueString": "bwell"
            }
          ],
          "reference": "Practitioner/1679033641"
        }
      }
    ],
    "meta": {
      "security": [
        {
          "code": "bwell",
          "system": "https://www.icanbwell.com/owner"
        },
        {
          "code": "bwell",
          "system": "https://www.icanbwell.com/access"
        },
        {
          "code": "bwell",
          "system": "https://www.icanbwell.com/sourceAssigningAuthority"
        }
      ],
      "versionId": "1"
    },
    "resourceType": "AuditEvent",
    "type": {
      "code": 110112,
      "display": "Query",
      "system": "http://dicom.nema.org/resources/ontology/DCM"
    }
  },
  {
    "_access": {
      "bwell": 1
    },
    "_sourceAssigningAuthority": {
      "bwell": 1
    },
    "action": "C",
    "agent": [
      {
        "altId": "user/*.read user/*.write access/*.*",
        "name": "imran",
        "network": {
          "type": 2
        },
        "requestor": true,
        "who": {
          "extension": [
            {
              "id": "sourceId",
              "url": "https://www.icanbwell.com/sourceId",
              "valueString": "imran"
            },
            {
              "id": "uuid",
              "url": "https://www.icanbwell.com/uuid",
              "valueString": "63d18720-c48b-534c-9127-76e01034414f"
            },
            {
              "id": "sourceAssigningAuthority",
              "url": "https://www.icanbwell.com/sourceAssigningAuthority",
              "valueString": "bwell"
            }
          ],
          "reference": "Person/imran"
        }
      }
    ],
    "entity": [
      {
        "detail": [
          {
            "type": "base_version",
            "valueString": "4_0_0"
          }
        ],
        "what": {
          "extension": [
            {
              "id": "sourceId",
              "url": "https://www.icanbwell.com/sourceId",
              "valueString": "0"
            },
            {
              "id": "uuid",
              "url": "https://www.icanbwell.com/uuid",
              "valueString": "9b2ff503-a4e1-56f6-8772-49e7a6a4099d"
            },
            {
              "id": "sourceAssigningAuthority",
              "url": "https://www.icanbwell.com/sourceAssigningAuthority",
              "valueString": "bwell"
            }
          ],
          "reference": "Practitioner/0"
        }
      }
    ],
    "meta": {
      "security": [
        {
          "code": "bwell",
          "system": "https://www.icanbwell.com/owner"
        },
        {
          "code": "bwell",
          "system": "https://www.icanbwell.com/access"
        },
        {
          "code": "bwell",
          "system": "https://www.icanbwell.com/sourceAssigningAuthority"
        }
      ],
      "versionId": "1"
    },
    "resourceType": "AuditEvent",
    "type": {
      "code": 110112,
      "display": "Query",
      "system": "http://dicom.nema.org/resources/ontology/DCM"
    }
  }
]
