{
  "entry": [
    {
      "resource": {
        "resourceType": "OperationOutcome",
        "issue": [
          {
            "severity": "error",
            "code": "internal",
            "details": {
              "text": "Unexpected Error: Error occurred while streaming response for chunk: b59f86b9-5307-506a-bb6c-3eb555ace521"
            }
          }
        ]
      }
    },
    {
      "resource": {
        "resourceType": "Observation",
        "id": "b59f86b9-5307-506a-bb6c-3eb555ace522",
        "meta": {
          "versionId": "1",
          "lastUpdated": "2023-10-03T12:55:19.000Z",
          "source": "/patients",
          "security": [
            {
              "code": "client",
              "id": "1642e685-6de9-5bdb-89e8-b62ffe4420eb",
              "system": "https://www.icanbwell.com/owner"
            },
            {
              "code": "client",
              "id": "21b6850a-a1fb-5de3-8f69-7962d5394390",
              "system": "https://www.icanbwell.com/access"
            },
            {
              "system": "https://www.icanbwell.com/vendor",
              "id": "73d07b77-99af-5176-83fa-9916acbb0664",
              "code": "client"
            },
            {
              "code": "client",
              "id": "cea955c4-9b2c-5b0d-8b48-acfd40cabb59",
              "system": "https://www.icanbwell.com/sourceAssigningAuthority"
            }
          ]
        },
        "identifier": [
          {
            "id": "sourceId",
            "system": "https://www.icanbwell.com/sourceId",
            "value": "b59f86b9-5307-506a-bb6c-3eb555ace522"
          },
          {
            "id": "uuid",
            "system": "https://www.icanbwell.com/uuid",
            "value": "b59f86b9-5307-506a-bb6c-3eb555ace522"
          }
        ],
        "status": "final",
        "code": {
          "coding": [
            {
              "id": "62186514-8c23-5680-85fd-b6898c99eacb",
              "system": "http://www.icanbwell.com/cql/library",
              "code": "BMI001"
            },
            {
              "id": "77b3739c-725f-5833-a93e-cce825fb7b4a",
              "system": "http://www.icanbwell.com/cql/libraryVersion",
              "code": "1.0.0"
            },
            {
              "id": "977380c4-aca5-57a2-9eab-03eea0c1941d",
              "system": "http://www.icanbwell.com/cql/rule",
              "code": "InAgeCohort"
            }
          ]
        },
        "subject": {
          "extension": [
            {
              "id": "sourceId",
              "url": "https://www.icanbwell.com/sourceId",
              "valueString": "Patient/client-2"
            },
            {
              "id": "uuid",
              "url": "https://www.icanbwell.com/uuid",
              "valueString": "Patient/eb6ab41e-b40f-5ede-adf7-c96a40fafbe5"
            },
            {
              "id": "sourceAssigningAuthority",
              "url": "https://www.icanbwell.com/sourceAssigningAuthority",
              "valueString": "client"
            }
          ],
          "reference": "Patient/person.93f91e52-25c7-4f06-9c75-4e5c49f1096e"
        },
        "effectivePeriod": {
          "start": "2021-01-01T00:00:00.000Z",
          "end": "2021-12-31T00:00:00.000Z"
        },
        "issued": "2021-01-01T12:00:00.000Z",
        "valueBoolean": false
      }
    }
  ],
  "resourceType": "Bundle",
  "type": "searchset",
  "total": 0
}
