{
  "entry": [
    {
      "resource": {
        "birthDate": "2017-01-01",
        "gender": "female",
        "id": "person.93f91e52-25c7-4f06-9c75-4e5c49f1096e",
        "identifier": [
          {
            "id": "sourceId",
            "system": "https://www.icanbwell.com/sourceId",
            "value": "client-1"
          },
          {
            "id": "uuid",
            "system": "https://www.icanbwell.com/uuid",
            "value": "312c79e6-6aaf-51ca-bd06-327d52d4936d"
          }
        ],
        "meta": {
          "security": [
            {
              "code": "client",
              "id": "21b6850a-a1fb-5de3-8f69-7962d5394390",
              "system": "https://www.icanbwell.com/access"
            },
            {
              "code": "client",
              "id": "1642e685-6de9-5bdb-89e8-b62ffe4420eb",
              "system": "https://www.icanbwell.com/owner"
            },
            {
              "code": "client",
              "id": "cea955c4-9b2c-5b0d-8b48-acfd40cabb59",
              "system": "https://www.icanbwell.com/sourceAssigningAuthority"
            }
          ],
          "source": "http://healthsystem1health.org/provider",
          "versionId": "1"
        },
        "name": [
          {
            "family": "PATIENT1",
            "given": ["SHYLA"],
            "text": "t",
            "use": "usual"
          }
        ],
        "resourceType": "Patient"
      }
    },
    {
      "resource": {
        "birthDate": "2017-01-01",
        "gender": "female",
        "id": "person.93f91e52-25c7-4f06-9c75-4e5c49f1096e",
        "identifier": [
          {
            "id": "sourceId",
            "system": "https://www.icanbwell.com/sourceId",
            "value": "client-2"
          },
          {
            "id": "uuid",
            "system": "https://www.icanbwell.com/uuid",
            "value": "eb6ab41e-b40f-5ede-adf7-c96a40fafbe5"
          }
        ],
        "meta": {
          "security": [
            {
              "code": "client",
              "id": "21b6850a-a1fb-5de3-8f69-7962d5394390",
              "system": "https://www.icanbwell.com/access"
            },
            {
              "code": "client",
              "id": "1642e685-6de9-5bdb-89e8-b62ffe4420eb",
              "system": "https://www.icanbwell.com/owner"
            },
            {
              "code": "client",
              "id": "cea955c4-9b2c-5b0d-8b48-acfd40cabb59",
              "system": "https://www.icanbwell.com/sourceAssigningAuthority"
            }
          ],
          "source": "http://healthsystem1health.org/provider",
          "versionId": "1"
        },
        "name": [
          {
            "family": "PATIENT1",
            "given": ["SHYLA"],
            "text": "t",
            "use": "usual"
          }
        ],
        "resourceType": "Patient"
      }
    },
    {
      "resource": {
        "birthDate": "2017-01-01",
        "gender": "female",
        "id": "person.95ca23e6-fd24-4fdd-afbf-a8957752059f",
        "identifier": [
          {
            "id": "sourceId",
            "system": "https://www.icanbwell.com/sourceId",
            "value": "client-3"
          },
          {
            "id": "uuid",
            "system": "https://www.icanbwell.com/uuid",
            "value": "7f663ca0-26c7-524a-ae0c-200bf60daf11"
          }
        ],
        "meta": {
          "security": [
            {
              "code": "client",
              "id": "21b6850a-a1fb-5de3-8f69-7962d5394390",
              "system": "https://www.icanbwell.com/access"
            },
            {
              "code": "client",
              "id": "1642e685-6de9-5bdb-89e8-b62ffe4420eb",
              "system": "https://www.icanbwell.com/owner"
            },
            {
              "code": "client",
              "id": "cea955c4-9b2c-5b0d-8b48-acfd40cabb59",
              "system": "https://www.icanbwell.com/sourceAssigningAuthority"
            }
          ],
          "source": "http://healthsystem1health.org/provider",
          "versionId": "1"
        },
        "name": [
          {
            "family": "PATIENT1",
            "given": ["SHYLA"],
            "text": "t",
            "use": "usual"
          }
        ],
        "resourceType": "Patient"
      }
    },
    {
      "resource": {
        "birthDate": "2017-01-01",
        "gender": "female",
        "id": "person.95ca23e6-fd24-4fdd-afbf-a8957752059f",
        "identifier": [
          {
            "id": "sourceId",
            "system": "https://www.icanbwell.com/sourceId",
            "value": "client-4"
          },
          {
            "id": "uuid",
            "system": "https://www.icanbwell.com/uuid",
            "value": "e94bb079-6a9a-5785-9728-54a945018f84"
          }
        ],
        "meta": {
          "security": [
            {
              "code": "client",
              "id": "21b6850a-a1fb-5de3-8f69-7962d5394390",
              "system": "https://www.icanbwell.com/access"
            },
            {
              "code": "client",
              "id": "1642e685-6de9-5bdb-89e8-b62ffe4420eb",
              "system": "https://www.icanbwell.com/owner"
            },
            {
              "code": "client",
              "id": "cea955c4-9b2c-5b0d-8b48-acfd40cabb59",
              "system": "https://www.icanbwell.com/sourceAssigningAuthority"
            }
          ],
          "source": "http://healthsystem1health.org/provider",
          "versionId": "1"
        },
        "name": [
          {
            "family": "PATIENT1",
            "given": ["SHYLA"],
            "text": "t",
            "use": "usual"
          }
        ],
        "resourceType": "Patient"
      }
    }
  ],
  "resourceType": "Bundle",
  "total": 0,
  "type": "searchset"
}
