{
  "entry": [
    {
      "id": "care-plan-1",
      "resource": {
        "activity": [
          {
            "detail": {
              "code": {
                "coding": [
                  {
                    "id": "d031bf91-cea9-502e-98d0-cc0726f57818",
                    "code": "160670007",
                    "display": "Diabetic diet",
                    "system": "http://snomed.info/sct"
                  }
                ],
                "text": "Diabetic diet"
              },
              "status": "in-progress"
            }
          },
          {
            "detail": {
              "productReference": {
                "extension": [
                  {
                    "id": "sourceId",
                    "url": "https://www.icanbwell.com/sourceId",
                    "valueString": "Medication/b0e0113d-23a0-5742-a054-c8afe008010b"
                  },
                  {
                    "id": "uuid",
                    "url": "https://www.icanbwell.com/uuid",
                    "valueString": "Medication/b0e0113d-23a0-5742-a054-c8afe008010b"
                  },
                  {
                    "id": "sourceAssigningAuthority",
                    "url": "https://www.icanbwell.com/sourceAssigningAuthority",
                    "valueString": "healthsystem1"
                  }
                ],
                "reference": "Medication/b0e0113d-23a0-5742-a054-c8afe008010b"
              },
              "code": {
                "coding": [
                  {
                    "id": "d69d144f-975d-5487-bd99-8b369ef8a06e",
                    "code": "229065009",
                    "display": "Exercise therapy",
                    "system": "http://snomed.info/sct"
                  }
                ],
                "text": "Exercise therapy"
              },
              "status": "in-progress"
            }
          }
        ],
        "category": [
          {
            "coding": [
              {
                "id": "ab22e646-0212-52c1-af4f-125d2495a60c",
                "code": "assess-plan",
                "system": "http://hl7.org/fhir/us/core/CodeSystem/careplan-category"
              }
            ]
          },
          {
            "coding": [
              {
                "id": "3ed71cb5-65db-5565-80e0-528c590008f7",
                "code": "698360004",
                "display": "Diabetes self management plan",
                "system": "http://terminology.hl7.org/NamingSystem/mddid"
              }
            ],
            "text": "Diabetes self management plan"
          }
        ],
        "id": "care-plan-1",
        "identifier": [
          {
            "id": "sourceId",
            "system": "https://www.icanbwell.com/sourceId",
            "value": "care-plan-1"
          },
          {
            "id": "uuid",
            "system": "https://www.icanbwell.com/uuid",
            "value": "f49c5e15-81b5-57a9-bade-77e9e744fb2e"
          }
        ],
        "intent": "order",
        "meta": {
          "security": [
            {
              "system": "https://www.icanbwell.com/owner",
              "code": "healthsystem1",
              "id": "6e1a1bd3-9764-55e3-93a3-4cc9f74b3f43"
            },
            {
              "system": "https://www.icanbwell.com/access",
              "code": "healthsystem1",
              "id": "21ef6cd5-667d-53e9-a787-f6fc10847183"
            },
            {
              "system": "https://www.icanbwell.com/vendor",
              "code": "B",
              "id": "675ab9a9-9fb6-5a48-8406-dce8c95a100b"
            },
            {
              "system": "https://www.icanbwell.com/access",
              "code": "B",
              "id": "073d5d2a-f3b8-5458-a152-5746f24b5488"
            },
            {
              "code": "healthsystem1",
              "system": "https://www.icanbwell.com/sourceAssigningAuthority",
              "id": "e4a94e06-a98b-5f89-8724-d2a8cc5bfeef"
            }
          ],
          "source": "https://www.icanbwell.com",
          "versionId": "1"
        },
        "period": {
          "end": "2013-03-03T01:45:51+00:00",
          "start": "2012-03-03T01:45:51+00:00"
        },
        "resourceType": "CarePlan",
        "status": "active",
        "subject": {
          "extension": [
            {
              "id": "sourceId",
              "url": "https://www.icanbwell.com/sourceId",
              "valueString": "Patient/patient1"
            },
            {
              "id": "uuid",
              "url": "https://www.icanbwell.com/uuid",
              "valueString": "Patient/24a5930e-11b4-5525-b482-669174917044"
            },
            {
              "id": "sourceAssigningAuthority",
              "url": "https://www.icanbwell.com/sourceAssigningAuthority",
              "valueString": "healthsystem1"
            }
          ],
          "reference": "Patient/patient1"
        },
        "text": {
          "div": "<div xmlns=\"http://www.w3.org/1999/xhtml\">Care Plan for Diabetes self management plan.<br/>Activities: <ul><li>Diabetes self management plan</li><li>Diabetes self management plan</li></ul><br/>Care plan is meant to treat Prediabetes.</div>",
          "status": "generated"
        },
        "title": "Diabetes self management plan"
      }
    },
    {
      "id": "medication-prednisolone",
      "resource": {
        "code": {
          "coding": [
            {
              "id": "691e9fc2-5e29-586c-894a-f1087b8c410f",
              "code": "135615",
              "system": "urn:oid:2.16.840.1.113883.6.253"
            },
            {
              "id": "ac0558be-374e-5668-8c03-83a02425e99e",
              "code": "61100020102020",
              "system": "urn:oid:2.16.840.1.113883.6.68"
            },
            {
              "id": "90a547b0-ed8a-5611-a5c9-987d51260b2d",
              "code": "59073",
              "system": "urn:oid:2.16.840.1.113883.6.162"
            },
            {
              "id": "a1d98bab-13b4-534c-bb65-2615980b8cc6",
              "code": "3287",
              "system": "http://www.nlm.nih.gov/research/umls/rxnorm"
            },
            {
              "id": "a2699bd2-aabd-5e2c-8174-947985eec01a",
              "code": "3288",
              "system": "http://www.nlm.nih.gov/research/umls/rxnorm"
            },
            {
              "id": "ebc71762-9211-5cdc-99d5-86a4137297bc",
              "code": "822929",
              "system": "http://www.nlm.nih.gov/research/umls/rxnorm"
            },
            {
              "id": "1df34d87-352a-576e-90e6-94513de1e2f3",
              "code": "884522",
              "system": "http://www.nlm.nih.gov/research/umls/rxnorm"
            }
          ],
          "text": "prednisolone 1 MG/ML [Pediapred]"
        },
        "form": {
          "coding": [
            {
              "id": "fbee3e10-1f81-564f-b1c8-3a6c55007bbf",
              "code": "SOLN",
              "display": "Solution",
              "system": "urn:oid:1.2.840.114350.1.13.283.3.7.4.698288.310"
            }
          ],
          "text": "Solution"
        },
        "id": "medication-prednisolone",
        "identifier": [
          {
            "id": "sourceId",
            "system": "https://www.icanbwell.com/sourceId",
            "value": "medication-prednisolone"
          },
          {
            "id": "uuid",
            "system": "https://www.icanbwell.com/uuid",
            "value": "b0e0113d-23a0-5742-a054-c8afe008010b"
          }
        ],
        "ingredient": [
          {
            "itemCodeableConcept": {
              "coding": [
                {
                  "id": "691e9fc2-5e29-586c-894a-f1087b8c410f",
                  "code": "135615",
                  "system": "urn:oid:2.16.840.1.113883.6.253"
                },
                {
                  "id": "ac0558be-374e-5668-8c03-83a02425e99e",
                  "code": "61100020102020",
                  "system": "urn:oid:2.16.840.1.113883.6.68"
                },
                {
                  "id": "90a547b0-ed8a-5611-a5c9-987d51260b2d",
                  "code": "59073",
                  "system": "urn:oid:2.16.840.1.113883.6.162"
                },
                {
                  "id": "a1d98bab-13b4-534c-bb65-2615980b8cc6",
                  "code": "3287",
                  "system": "http://www.nlm.nih.gov/research/umls/rxnorm"
                },
                {
                  "id": "a2699bd2-aabd-5e2c-8174-947985eec01a",
                  "code": "3288",
                  "system": "http://www.nlm.nih.gov/research/umls/rxnorm"
                },
                {
                  "id": "ebc71762-9211-5cdc-99d5-86a4137297bc",
                  "code": "822929",
                  "system": "http://www.nlm.nih.gov/research/umls/rxnorm"
                },
                {
                  "id": "1df34d87-352a-576e-90e6-94513de1e2f3",
                  "code": "884522",
                  "system": "http://www.nlm.nih.gov/research/umls/rxnorm"
                }
              ],
              "text": "Dextroamphetamine Sulfate 5 MG/5ML Soln oral solution"
            },
            "strength": {
              "denominator": {
                "unit": "MG/5ML",
                "value": 5
              },
              "numerator": {
                "unit": "MG/5ML",
                "value": 5
              }
            }
          }
        ],
        "meta": {
          "security": [
            {
              "code": "my-companyuat",
              "system": "https://www.icanbwell.com/owner",
              "id": "6875cc8d-e2ee-5adb-9ce7-e4a22759d6dd"
            },
            {
              "code": "my-companyuat",
              "system": "https://www.icanbwell.com/access",
              "id": "6b3cd5a7-5f68-50bb-ad5e-14a60f9e594b"
            },
            {
              "code": "my-companyuat",
              "system": "https://www.icanbwell.com/vendor",
              "id": "8c1674a3-f212-53cc-9fc6-40161e294196"
            },
            {
              "code": "my-companyuat",
              "system": "https://www.icanbwell.com/sourceAssigningAuthority",
              "id": "91d5ec27-7d97-5bff-ad11-f72959f469a8"
            }
          ],
          "source": "https://epicfhir.my-company.org/NonProdFHIR/api/FHIR/R4/metadata",
          "versionId": "1"
        },
        "resourceType": "Medication"
      }
    }
  ],
  "resourceType": "Bundle",
  "type": "searchset",
  "timestamp": "2023-12-20T03:31:07.077Z",
  "total": 2,
  "link": [
    {
      "relation": "self",
      "url": "http://localhost:3000/4_0_0/Patient/patient1/$everything"
    }
  ]
}
