[
  {
    "id": "AETNA-Aetna-Elect-Choice--EPO--Aetna-Health-Fund--Innovation-He",
    "identifier": [
      {
        "id": "sourceId",
        "system": "https://www.icanbwell.com/sourceId",
        "value": "AETNA-Aetna-Elect-Choice--EPO--Aetna-Health-Fund--Innovation-He"
      },
      {
        "id": "uuid",
        "system": "https://www.icanbwell.com/uuid",
        "value": "92eb2ca3-db97-51a4-b2f8-ae979d89952e"
      }
    ],
    "meta": {
      "security": [
        {
          "code": "client",
          "id": "21b6850a-a1fb-5de3-8f69-7962d5394390",
          "system": "https://www.icanbwell.com/access"
        },
        {
          "code": "client",
          "id": "1642e685-6de9-5bdb-89e8-b62ffe4420eb",
          "system": "https://www.icanbwell.com/owner"
        },
        {
          "code": "client",
          "id": "cea955c4-9b2c-5b0d-8b48-acfd40cabb59",
          "system": "https://www.icanbwell.com/sourceAssigningAuthority"
        }
      ],
      "source": "client",
      "versionId": "1"
    },
    "name": "AETNA-Aetna Elect Choice/ EPO (Aetna Health Fund) Innovation Health: Network Only Plus",
    "ownedBy": {
      "extension": [
        {
          "id": "sourceId",
          "url": "https://www.icanbwell.com/sourceId",
          "valueString": "Organization/AETNA"
        },
        {
          "id": "uuid",
          "url": "https://www.icanbwell.com/uuid",
          "valueString": "Organization/f234b552-7cde-5616-9e2d-e9b3d0d9aea1"
        },
        {
          "id": "sourceAssigningAuthority",
          "url": "https://www.icanbwell.com/sourceAssigningAuthority",
          "valueString": "client"
        }
      ],
      "reference": "Organization/AETNA"
    },
    "plan": [
      {
        "coverageArea": [
          {
            "extension": [
              {
                "id": "sourceId",
                "url": "https://www.icanbwell.com/sourceId",
                "valueString": "Location/1886535265"
              },
              {
                "id": "uuid",
                "url": "https://www.icanbwell.com/uuid",
                "valueString": "Location/bd1993dc-40f3-54a6-ad09-d08e5a823122"
              },
              {
                "id": "sourceAssigningAuthority",
                "url": "https://www.icanbwell.com/sourceAssigningAuthority",
                "valueString": "client"
              }
            ],
            "reference": "Location/1886535265"
          }
        ],
        "identifier": [
          {
            "type": {
              "coding": [
                {
                  "id": "cc5da82b-8514-5ba8-bb5a-7a274efd7a96",
                  "code": "XV",
                  "display": "Health Plan",
                  "system": "http://terminology.hl7.org/CodeSystem/v2-0203"
                }
              ]
            },
            "value": "Aetna Elect Choice/ EPO (Aetna Health Fund) Innovation Health: Network Only Plus"
          }
        ]
      }
    ],
    "resourceType": "InsurancePlan"
  }
]
