[
  {
    "active": true,
    "address": [
      {
        "city": "Perry Hall",
        "line": [
          "5009 Honeygo Center Drive",
          "Suite 216"
        ],
        "postalCode": "21128",
        "state": "MD"
      }
    ],
    "alias": [
      "Client Medical Group Derm at Honeygo"
    ],
    "contact": [
      {
        "purpose": {
          "coding": [
            {
              "id": "83763aef-2839-5dcb-bb58-f09a287be950",
              "code": "Central Scheduling",
              "system": "ClientHealth.org"
            }
          ]
        },
        "telecom": [
          {
            "system": "phone",
            "use": "work"
          }
        ]
      }
    ],
    "extension": [
      {
        "valueDecimal": -76.61668
      },
      {
        "valueDecimal": 39.32792
      }
    ],
    "id": "-733797173",
    "identifier": [
      {
        "system": "bwell",
        "use": "usual",
        "value": "-733797173"
      },
      {
        "id": "sourceId",
        "system": "https://www.icanbwell.com/sourceId",
        "value": "-733797173"
      },
      {
        "id": "uuid",
        "system": "https://www.icanbwell.com/uuid",
        "value": "5bdedbe2-0f2d-5433-b18a-b1e3ae5dcb8b"
      }
    ],
    "meta": {
      "security": [
        {
          "code": "client",
          "id": "21b6850a-a1fb-5de3-8f69-7962d5394390",
          "system": "https://www.icanbwell.com/access"
        },
        {
          "code": "client",
          "id": "1642e685-6de9-5bdb-89e8-b62ffe4420eb",
          "system": "https://www.icanbwell.com/owner"
        },
        {
          "code": "client",
          "id": "cea955c4-9b2c-5b0d-8b48-acfd40cabb59",
          "system": "https://www.icanbwell.com/sourceAssigningAuthority"
        }
      ],
      "source": "client",
      "versionId": "1"
    },
    "name": "Client Medical Group Dermatology at Honeygo",
    "partOf": {
      "display": "Client Medical Group",
      "type": "Organization"
    },
    "resourceType": "Organization",
    "telecom": [
      {
        "system": "phone",
        "value": "(410) 256-5858"
      },
      {
        "system": "fax",
        "value": "(866) 733-0434"
      }
    ],
    "type": [
      {
        "coding": [
          {
            "id": "b01785b7-5551-54fe-9805-ea3c1253d22f",
            "code": "prov",
            "display": "Healthcare Provider",
            "system": "http://terminology.hl7.org/CodeSystem/organization-type"
          }
        ],
        "text": "Healthcare Organization"
      },
      {
        "coding": [
          {
            "id": "16434867-5c25-5331-b135-72108eb42f9b",
            "code": "ER",
            "display": "Emergency Room",
            "system": "http://terminology.hl7.org/CodeSystem/organization-type"
          }
        ],
        "text": "ER Indicator"
      }
    ]
  },
  {
    "id": "AETNA",
    "identifier": [
      {
        "type": {
          "coding": [
            {
              "id": "cc5da82b-8514-5ba8-bb5a-7a274efd7a96",
              "code": "XV",
              "display": "Health Plan",
              "system": "http://terminology.hl7.org/CodeSystem/v2-0203"
            }
          ]
        },
        "value": "AETNA"
      },
      {
        "id": "sourceId",
        "system": "https://www.icanbwell.com/sourceId",
        "value": "AETNA"
      },
      {
        "id": "uuid",
        "system": "https://www.icanbwell.com/uuid",
        "value": "f234b552-7cde-5616-9e2d-e9b3d0d9aea1"
      }
    ],
    "meta": {
      "security": [
        {
          "code": "client",
          "id": "21b6850a-a1fb-5de3-8f69-7962d5394390",
          "system": "https://www.icanbwell.com/access"
        },
        {
          "code": "client",
          "id": "1642e685-6de9-5bdb-89e8-b62ffe4420eb",
          "system": "https://www.icanbwell.com/owner"
        },
        {
          "code": "client",
          "id": "cea955c4-9b2c-5b0d-8b48-acfd40cabb59",
          "system": "https://www.icanbwell.com/sourceAssigningAuthority"
        }
      ],
      "source": "client",
      "versionId": "1"
    },
    "resourceType": "Organization",
    "type": [
      {
        "coding": [
          {
            "id": "287d2fd2-f780-599f-8dfe-709fd9da6ea3",
            "code": "ins",
            "display": "Insurance Company",
            "system": "http://terminology.hl7.org/CodeSystem/organization-type"
          }
        ]
      }
    ]
  },
  {
    "id": "Client-Medical-Group",
    "identifier": [
      {
        "id": "sourceId",
        "system": "https://www.icanbwell.com/sourceId",
        "value": "Client-Medical-Group"
      },
      {
        "id": "uuid",
        "system": "https://www.icanbwell.com/uuid",
        "value": "a2b7cbac-5ae0-5f97-83e2-554f176534f1"
      }
    ],
    "meta": {
      "security": [
        {
          "code": "client",
          "id": "21b6850a-a1fb-5de3-8f69-7962d5394390",
          "system": "https://www.icanbwell.com/access"
        },
        {
          "code": "client",
          "id": "1642e685-6de9-5bdb-89e8-b62ffe4420eb",
          "system": "https://www.icanbwell.com/owner"
        },
        {
          "code": "client",
          "id": "cea955c4-9b2c-5b0d-8b48-acfd40cabb59",
          "system": "https://www.icanbwell.com/sourceAssigningAuthority"
        }
      ],
      "source": "client",
      "versionId": "1"
    },
    "name": "Client Medical Group",
    "resourceType": "Organization",
    "type": [
      {
        "coding": [
          {
            "id": "b01785b7-5551-54fe-9805-ea3c1253d22f",
            "code": "prov",
            "display": "Healthcare Provider",
            "system": "http://terminology.hl7.org/CodeSystem/organization-type"
          }
        ],
        "text": "Healthcare Organization"
      }
    ]
  },
  {
    "id": "MWHC",
    "identifier": [
      {
        "type": {
          "coding": [
            {
              "id": "76152d15-97d3-5037-aca5-a3d5917441f6",
              "code": "FI",
              "display": "Facility Id",
              "system": "http://terminology.hl7.org/CodeSystem/v2-0203"
            }
          ]
        },
        "value": "MWHC"
      },
      {
        "id": "sourceId",
        "system": "https://www.icanbwell.com/sourceId",
        "value": "MWHC"
      },
      {
        "id": "uuid",
        "system": "https://www.icanbwell.com/uuid",
        "value": "0e938185-905e-52cc-8b70-a9249bd43806"
      }
    ],
    "meta": {
      "security": [
        {
          "code": "client",
          "id": "21b6850a-a1fb-5de3-8f69-7962d5394390",
          "system": "https://www.icanbwell.com/access"
        },
        {
          "code": "client",
          "id": "1642e685-6de9-5bdb-89e8-b62ffe4420eb",
          "system": "https://www.icanbwell.com/owner"
        },
        {
          "code": "client",
          "id": "cea955c4-9b2c-5b0d-8b48-acfd40cabb59",
          "system": "https://www.icanbwell.com/sourceAssigningAuthority"
        }
      ],
      "source": "client",
      "versionId": "1"
    },
    "resourceType": "Organization",
    "type": [
      {
        "coding": [
          {
            "id": "b01785b7-5551-54fe-9805-ea3c1253d22f",
            "code": "prov",
            "display": "Healthcare Provider",
            "system": "http://terminology.hl7.org/CodeSystem/organization-type"
          }
        ]
      }
    ]
  },
  {
    "id": "Stanford-Medical-School",
    "identifier": [
      {
        "id": "sourceId",
        "system": "https://www.icanbwell.com/sourceId",
        "value": "Stanford-Medical-School"
      },
      {
        "id": "uuid",
        "system": "https://www.icanbwell.com/uuid",
        "value": "d937ec95-bc9c-5504-8d7d-b87f488b48db"
      }
    ],
    "meta": {
      "security": [
        {
          "code": "client",
          "id": "21b6850a-a1fb-5de3-8f69-7962d5394390",
          "system": "https://www.icanbwell.com/access"
        },
        {
          "code": "client",
          "id": "1642e685-6de9-5bdb-89e8-b62ffe4420eb",
          "system": "https://www.icanbwell.com/owner"
        },
        {
          "code": "client",
          "id": "cea955c4-9b2c-5b0d-8b48-acfd40cabb59",
          "system": "https://www.icanbwell.com/sourceAssigningAuthority"
        }
      ],
      "source": "client",
      "versionId": "1"
    },
    "name": "Stanford Medical School",
    "resourceType": "Organization",
    "type": [
      {
        "coding": [
          {
            "id": "36ec0b43-52ba-5db7-a049-f524cea0147a",
            "code": "edu",
            "display": "Educational Institute",
            "system": "http://terminology.hl7.org/CodeSystem/organization-type"
          }
        ]
      }
    ]
  }
]
