[
  {
    "id": "-733797173",
    "identifier": [
      {
        "system": "bwell",
        "use": "usual",
        "value": "-733797173"
      },
      {
        "id": "sourceId",
        "system": "https://www.icanbwell.com/sourceId",
        "value": "-733797173"
      },
      {
        "id": "uuid",
        "system": "https://www.icanbwell.com/uuid",
        "value": "5bdedbe2-0f2d-5433-b18a-b1e3ae5dcb8b"
      }
    ],
    "meta": {
      "security": [
        {
          "code": "client",
          "id": "21b6850a-a1fb-5de3-8f69-7962d5394390",
          "system": "https://www.icanbwell.com/access"
        },
        {
          "code": "client",
          "id": "1642e685-6de9-5bdb-89e8-b62ffe4420eb",
          "system": "https://www.icanbwell.com/owner"
        },
        {
          "code": "client",
          "id": "cea955c4-9b2c-5b0d-8b48-acfd40cabb59",
          "system": "https://www.icanbwell.com/sourceAssigningAuthority"
        }
      ],
      "source": "client",
      "versionId": "1"
    },
    "resourceType": "HealthcareService",
    "specialty": [
      {
        "coding": [
          {
            "id": "cb2125ad-b545-55bc-9457-288161868a5c",
            "code": "261QP2300X",
            "display": "Primary Care and Student Health",
            "system": "http://nucc.org/provider-taxonomy"
          }
        ]
      }
    ]
  },
  {
    "eligibility": [
      {
        "code": {
          "coding": [
            {
              "id": "59f21c58-ce49-5d20-b510-7608f08d8f83",
              "code": "185387006",
              "display": "New Patient",
              "system": "http://snomed.info/sct"
            }
          ]
        }
      },
      {
        "code": {
          "coding": [
            {
              "id": "a27f93f1-8a85-537b-a704-6821eb8c120f",
              "code": "448337001",
              "display": "Telehealth Visit",
              "system": "http://snomed.info/sct"
            }
          ]
        }
      },
      {
        "code": {
          "coding": [
            {
              "id": "261a4d35-68a4-51ee-8e12-0e319be6bcad",
              "code": "0 - 100",
              "display": "0 - 100",
              "system": "ClientHealth.org"
            }
          ]
        },
        "comment": "Age Group Seen"
      }
    ],
    "id": "1679033641-UF3-UADM",
    "identifier": [
      {
        "id": "sourceId",
        "system": "https://www.icanbwell.com/sourceId",
        "value": "1679033641-UF3-UADM"
      },
      {
        "id": "uuid",
        "system": "https://www.icanbwell.com/uuid",
        "value": "ce37f1c4-0152-5b69-99c5-fef8febe8736"
      }
    ],
    "meta": {
      "security": [
        {
          "code": "client",
          "id": "21b6850a-a1fb-5de3-8f69-7962d5394390",
          "system": "https://www.icanbwell.com/access"
        },
        {
          "code": "client",
          "id": "1642e685-6de9-5bdb-89e8-b62ffe4420eb",
          "system": "https://www.icanbwell.com/owner"
        },
        {
          "code": "client",
          "id": "cea955c4-9b2c-5b0d-8b48-acfd40cabb59",
          "system": "https://www.icanbwell.com/sourceAssigningAuthority"
        }
      ],
      "source": "client",
      "versionId": "1"
    },
    "resourceType": "HealthcareService"
  },
  {
    "eligibility": [
      {
        "code": {
          "coding": [
            {
              "id": "36a299a2-0bc9-5a99-ac6e-446209c8dfb7",
              "code": "No Limit",
              "display": "No Limit",
              "system": "https://raw.githubusercontent.com/imranq2/SparkAutoMapper.FHIR/main/spark_auto_mapper_fhir/valuesets/minimum_age"
            }
          ]
        },
        "comment": "Minimum patient age"
      },
      {
        "code": {
          "coding": [
            {
              "id": "2b41a500-9a6d-5ff5-9004-d83406878ce6",
              "code": "No Limit",
              "display": "No Limit",
              "system": "https://raw.githubusercontent.com/imranq2/SparkAutoMapper.FHIR/main/spark_auto_mapper_fhir/valuesets/maximum_age"
            }
          ]
        },
        "comment": "Maximum patient age"
      },
      {
        "code": {
          "coding": [
            {
              "id": "b02542bf-82a8-5174-b884-b7ce1b9d7278",
              "code": "WCBPOL",
              "display": "Workers Compensation",
              "system": "http://terminology.hl7.org/CodeSystem/v3-ActCode"
            }
          ]
        },
        "comment": "Accepts Workers Compensation Patients"
      },
      {
        "code": {
          "coding": [
            {
              "id": "afa82685-d31e-5f01-86bd-fb72d05cd51e",
              "code": "AUTOPOL",
              "display": "Y",
              "system": "http://terminology.hl7.org/CodeSystem/v3-ActCode"
            }
          ]
        },
        "comment": "Accepts Auto Accident Patients"
      },
      {
        "code": {
          "coding": [
            {
              "id": "9f0c2f7a-5768-573c-bc8a-617d232f1d01",
              "code": "448337001",
              "display": "Telehealth Visit",
              "system": "http://snomed.info/sct/"
            }
          ]
        },
        "comment": "Video Visit available"
      },
      {
        "code": {
          "coding": [
            {
              "id": "90b5d539-ef34-556d-9c44-f68985c8a8cd",
              "code": "185387006",
              "display": "New Patient",
              "system": "http://snomed.info/sct/"
            }
          ]
        },
        "comment": "Accepts New Patient"
      }
    ],
    "id": "MAX-MALX",
    "identifier": [
      {
        "system": "ClientHealth.org",
        "use": "usual",
        "value": "MAX-MALX"
      },
      {
        "id": "sourceId",
        "system": "https://www.icanbwell.com/sourceId",
        "value": "MAX-MALX"
      },
      {
        "id": "uuid",
        "system": "https://www.icanbwell.com/uuid",
        "value": "80d34997-1eed-537c-8bc5-83636c8818ae"
      }
    ],
    "meta": {
      "security": [
        {
          "code": "client",
          "id": "21b6850a-a1fb-5de3-8f69-7962d5394390",
          "system": "https://www.icanbwell.com/access"
        },
        {
          "code": "client",
          "id": "1642e685-6de9-5bdb-89e8-b62ffe4420eb",
          "system": "https://www.icanbwell.com/owner"
        },
        {
          "code": "client",
          "id": "cea955c4-9b2c-5b0d-8b48-acfd40cabb59",
          "system": "https://www.icanbwell.com/sourceAssigningAuthority"
        }
      ],
      "source": "client",
      "versionId": "1"
    },
    "name": "Primary Care",
    "providedBy": {
      "extension": [
        {
          "id": "sourceId",
          "url": "https://www.icanbwell.com/sourceId",
          "valueString": "Organization/MAX-MALX"
        },
        {
          "id": "uuid",
          "url": "https://www.icanbwell.com/uuid",
          "valueString": "Organization/80d34997-1eed-537c-8bc5-83636c8818ae"
        },
        {
          "id": "sourceAssigningAuthority",
          "url": "https://www.icanbwell.com/sourceAssigningAuthority",
          "valueString": "client"
        }
      ],
      "reference": "Organization/MAX-MALX"
    },
    "resourceType": "HealthcareService",
    "specialty": [
      {
        "coding": [
          {
            "id": "94ce3d35-5b89-5575-a243-32f99685f2f7",
            "code": "Family Medicine",
            "display": "Family Medicine",
            "system": "ClientHealth.org"
          }
        ],
        "text": "Primary Specialty"
      },
      {
        "coding": [
          {
            "id": "94ce3d35-5b89-5575-a243-32f99685f2f7",
            "code": "Family Medicine",
            "display": "Family Medicine",
            "system": "ClientHealth.org"
          }
        ],
        "text": "Primary Specialty Group"
      }
    ],
    "type": [
      {
        "coding": [
          {
            "id": "e3e807a9-5159-54ac-ae8c-eb9538743300",
            "code": "17",
            "display": "Primary Care",
            "system": "http://terminology.hl7.org/CodeSystem/service-category"
          }
        ]
      }
    ]
  }
]
