{
  "entry": [
    {
      "id": "8143ac7d-ad11-4349-9a3f-da93faae0eae",
      "resource": {
        "id": "8143ac7d-ad11-4349-9a3f-da93faae0eae",
        "resourceType": "PractitionerRole"
      }
    },
    {
      "id": "9ec009e4-28f7-4958-86da-256fe0f67c75",
      "resource": {
        "id": "9ec009e4-28f7-4958-86da-256fe0f67c75",
        "resourceType": "PractitionerRole"
      }
    }
  ],
  "type": "searchset",
  "resourceType": "Bundle",
  "total": 2,
  "meta": {
    "tag": [
      {
        "system": "https://www.icanbwell.com/query",
        "display": "db.Patient_4_0_0.find({'_sourceId':'patient1'}, {'_id':0})  | db.Account_4_0_0.find({'$and':[{'subject._uuid':'Patient/24a5930e-11b4-5525-b482-669174917044'},{'meta.tag':{'$not':{'$elemMatch':{'system':'https://fhir.icanbwell.com/4_0_0/CodeSystem/server-behavior','code':'hidden'}}}}]}, {'_id':0}) | db.AdverseEvent_4_0_0.find({'$and':[{'subject._uuid':'Patient/24a5930e-11b4-5525-b482-669174917044'},{'meta.tag':{'$not':{'$elemMatch':{'system':'https://fhir.icanbwell.com/4_0_0/CodeSystem/server-behavior','code':'hidden'}}}}]}, {'_id':0}) | db.AllergyIntolerance_4_0_0.find({'$and':[{'patient._uuid':'Patient/24a5930e-11b4-5525-b482-669174917044'},{'meta.tag':{'$not':{'$elemMatch':{'system':'https://fhir.icanbwell.com/4_0_0/CodeSystem/server-behavior','code':'hidden'}}}}]}, {'_id':0}) | db.Appointment_4_0_0.find({'$and':[{'participant.actor._uuid':'Patient/24a5930e-11b4-5525-b482-669174917044'},{'meta.tag':{'$not':{'$elemMatch':{'system':'https://fhir.icanbwell.com/4_0_0/CodeSystem/server-behavior','code':'hidden'}}}}]}, {'_id':0}) | db.AppointmentResponse_4_0_0.find({'$and':[{'actor._uuid':'Patient/24a5930e-11b4-5525-b482-669174917044'},{'meta.tag':{'$not':{'$elemMatch':{'system':'https://fhir.icanbwell.com/4_0_0/CodeSystem/server-behavior','code':'hidden'}}}}]}, {'_id':0}) | db.BiologicallyDerivedProduct_4_0_0.find({'meta.tag':{'$not':{'$elemMatch':{'system':'https://fhir.icanbwell.com/4_0_0/CodeSystem/server-behavior','code':'hidden'}}},'$and':[{'collection.source._uuid':'Patient/24a5930e-11b4-5525-b482-669174917044'}]}, {'_id':0}) | db.Basic_4_0_0.find({'$and':[{'subject._uuid':'Patient/24a5930e-11b4-5525-b482-669174917044'},{'meta.tag':{'$not':{'$elemMatch':{'system':'https://fhir.icanbwell.com/4_0_0/CodeSystem/server-behavior','code':'hidden'}}}}]}, {'_id':0}) | db.CarePlan_4_0_0.find({'$and':[{'subject._uuid':'Patient/24a5930e-11b4-5525-b482-669174917044'},{'meta.tag':{'$not':{'$elemMatch':{'system':'https://fhir.icanbwell.com/4_0_0/CodeSystem/server-behavior','code':'hidden'}}}}]}, {'_id':0}) | db.CareTeam_4_0_0.find({'$and':[{'subject._uuid':'Patient/24a5930e-11b4-5525-b482-669174917044'},{'meta.tag':{'$not':{'$elemMatch':{'system':'https://fhir.icanbwell.com/4_0_0/CodeSystem/server-behavior','code':'hidden'}}}}]}, {'_id':0}) | db.ChargeItem_4_0_0.find({'$and':[{'subject._uuid':'Patient/24a5930e-11b4-5525-b482-669174917044'},{'meta.tag':{'$not':{'$elemMatch':{'system':'https://fhir.icanbwell.com/4_0_0/CodeSystem/server-behavior','code':'hidden'}}}}]}, {'_id':0}) | db.Claim_4_0_0.find({'$and':[{'patient._uuid':'Patient/24a5930e-11b4-5525-b482-669174917044'},{'meta.tag':{'$not':{'$elemMatch':{'system':'https://fhir.icanbwell.com/4_0_0/CodeSystem/server-behavior','code':'hidden'}}}}]}, {'_id':0}) | db.ClaimResponse_4_0_0.find({'$and':[{'patient._uuid':'Patient/24a5930e-11b4-5525-b482-669174917044'},{'meta.tag':{'$not':{'$elemMatch':{'system':'https://fhir.icanbwell.com/4_0_0/CodeSystem/server-behavior','code':'hidden'}}}}]}, {'_id':0}) | db.ClinicalImpression_4_0_0.find({'$and':[{'subject._uuid':'Patient/24a5930e-11b4-5525-b482-669174917044'},{'meta.tag':{'$not':{'$elemMatch':{'system':'https://fhir.icanbwell.com/4_0_0/CodeSystem/server-behavior','code':'hidden'}}}}]}, {'_id':0}) | db.Communication_4_0_0.find({'$and':[{'subject._uuid':'Patient/24a5930e-11b4-5525-b482-669174917044'},{'meta.tag':{'$not':{'$elemMatch':{'system':'https://fhir.icanbwell.com/4_0_0/CodeSystem/server-behavior','code':'hidden'}}}}]}, {'_id':0}) | db.CommunicationRequest_4_0_0.find({'$and':[{'subject._uuid':'Patient/24a5930e-11b4-5525-b482-669174917044'},{'meta.tag':{'$not':{'$elemMatch':{'system':'https://fhir.icanbwell.com/4_0_0/CodeSystem/server-behavior','code':'hidden'}}}}]}, {'_id':0}) | db.Composition_4_0_0.find({'$and':[{'subject._uuid':'Patient/24a5930e-11b4-5525-b482-669174917044'},{'meta.tag':{'$not':{'$elemMatch':{'system':'https://fhir.icanbwell.com/4_0_0/CodeSystem/server-behavior','code':'hidden'}}}}]}, {'_id':0}) | db.Condition_4_0_0.find({'$and':[{'subject._uuid':'Patient/24a5930e-11b4-5525-b482-669174917044'},{'meta.tag':{'$not':{'$elemMatch':{'system':'https://fhir.icanbwell.com/4_0_0/CodeSystem/server-behavior','code':'hidden'}}}}]}, {'_id':0}) | db.Consent_4_0_0.find({'$and':[{'patient._uuid':'Patient/24a5930e-11b4-5525-b482-669174917044'},{'meta.tag':{'$not':{'$elemMatch':{'system':'https://fhir.icanbwell.com/4_0_0/CodeSystem/server-behavior','code':'hidden'}}}}]}, {'_id':0}) | db.Contract_4_0_0.find({'$and':[{'subject._uuid':'Patient/24a5930e-11b4-5525-b482-669174917044'},{'meta.tag':{'$not':{'$elemMatch':{'system':'https://fhir.icanbwell.com/4_0_0/CodeSystem/server-behavior','code':'hidden'}}}}]}, {'_id':0}) | db.CoverageEligibilityRequest_4_0_0.find({'$and':[{'patient._uuid':'Patient/24a5930e-11b4-5525-b482-669174917044'},{'meta.tag':{'$not':{'$elemMatch':{'system':'https://fhir.icanbwell.com/4_0_0/CodeSystem/server-behavior','code':'hidden'}}}}]}, {'_id':0}) | db.CoverageEligibilityResponse_4_0_0.find({'$and':[{'patient._uuid':'Patient/24a5930e-11b4-5525-b482-669174917044'},{'meta.tag':{'$not':{'$elemMatch':{'system':'https://fhir.icanbwell.com/4_0_0/CodeSystem/server-behavior','code':'hidden'}}}}]}, {'_id':0}) | db.DetectedIssue_4_0_0.find({'$and':[{'patient._uuid':'Patient/24a5930e-11b4-5525-b482-669174917044'},{'meta.tag':{'$not':{'$elemMatch':{'system':'https://fhir.icanbwell.com/4_0_0/CodeSystem/server-behavior','code':'hidden'}}}}]}, {'_id':0}) | db.DeviceRequest_4_0_0.find({'$and':[{'subject._uuid':'Patient/24a5930e-11b4-5525-b482-669174917044'},{'meta.tag':{'$not':{'$elemMatch':{'system':'https://fhir.icanbwell.com/4_0_0/CodeSystem/server-behavior','code':'hidden'}}}}]}, {'_id':0}) | db.DeviceUseStatement_4_0_0.find({'$and':[{'subject._uuid':'Patient/24a5930e-11b4-5525-b482-669174917044'},{'meta.tag':{'$not':{'$elemMatch':{'system':'https://fhir.icanbwell.com/4_0_0/CodeSystem/server-behavior','code':'hidden'}}}}]}, {'_id':0}) | db.DiagnosticReport_4_0_0.find({'$and':[{'subject._uuid':'Patient/24a5930e-11b4-5525-b482-669174917044'},{'meta.tag':{'$not':{'$elemMatch':{'system':'https://fhir.icanbwell.com/4_0_0/CodeSystem/server-behavior','code':'hidden'}}}}]}, {'_id':0}) | db.DocumentManifest_4_0_0.find({'$and':[{'subject._uuid':'Patient/24a5930e-11b4-5525-b482-669174917044'},{'meta.tag':{'$not':{'$elemMatch':{'system':'https://fhir.icanbwell.com/4_0_0/CodeSystem/server-behavior','code':'hidden'}}}}]}, {'_id':0}) | db.DocumentReference_4_0_0.find({'$and':[{'subject._uuid':'Patient/24a5930e-11b4-5525-b482-669174917044'},{'meta.tag':{'$not':{'$elemMatch':{'system':'https://fhir.icanbwell.com/4_0_0/CodeSystem/server-behavior','code':'hidden'}}}}]}, {'_id':0}) | db.Encounter_4_0_0.find({'$and':[{'subject._uuid':'Patient/24a5930e-11b4-5525-b482-669174917044'},{'meta.tag':{'$not':{'$elemMatch':{'system':'https://fhir.icanbwell.com/4_0_0/CodeSystem/server-behavior','code':'hidden'}}}}]}, {'_id':0}) | db.EnrollmentRequest_4_0_0.find({'$and':[{'candidate._uuid':'Patient/24a5930e-11b4-5525-b482-669174917044'},{'meta.tag':{'$not':{'$elemMatch':{'system':'https://fhir.icanbwell.com/4_0_0/CodeSystem/server-behavior','code':'hidden'}}}}]}, {'_id':0}) | db.EpisodeOfCare_4_0_0.find({'$and':[{'patient._uuid':'Patient/24a5930e-11b4-5525-b482-669174917044'},{'meta.tag':{'$not':{'$elemMatch':{'system':'https://fhir.icanbwell.com/4_0_0/CodeSystem/server-behavior','code':'hidden'}}}}]}, {'_id':0}) | db.ExplanationOfBenefit_4_0_0.find({'$and':[{'patient._uuid':'Patient/24a5930e-11b4-5525-b482-669174917044'},{'meta.tag':{'$not':{'$elemMatch':{'system':'https://fhir.icanbwell.com/4_0_0/CodeSystem/server-behavior','code':'hidden'}}}}]}, {'_id':0}) | db.Flag_4_0_0.find({'$and':[{'subject._uuid':'Patient/24a5930e-11b4-5525-b482-669174917044'},{'meta.tag':{'$not':{'$elemMatch':{'system':'https://fhir.icanbwell.com/4_0_0/CodeSystem/server-behavior','code':'hidden'}}}}]}, {'_id':0}) | db.Goal_4_0_0.find({'$and':[{'subject._uuid':'Patient/24a5930e-11b4-5525-b482-669174917044'},{'meta.tag':{'$not':{'$elemMatch':{'system':'https://fhir.icanbwell.com/4_0_0/CodeSystem/server-behavior','code':'hidden'}}}}]}, {'_id':0}) | db.Group_4_0_0.find({'$and':[{'member.entity._uuid':'Patient/24a5930e-11b4-5525-b482-669174917044'},{'meta.tag':{'$not':{'$elemMatch':{'system':'https://fhir.icanbwell.com/4_0_0/CodeSystem/server-behavior','code':'hidden'}}}}]}, {'_id':0}) | db.GuidanceResponse_4_0_0.find({'$and':[{'subject._uuid':'Patient/24a5930e-11b4-5525-b482-669174917044'},{'meta.tag':{'$not':{'$elemMatch':{'system':'https://fhir.icanbwell.com/4_0_0/CodeSystem/server-behavior','code':'hidden'}}}}]}, {'_id':0}) | db.ImagingStudy_4_0_0.find({'$and':[{'subject._uuid':'Patient/24a5930e-11b4-5525-b482-669174917044'},{'meta.tag':{'$not':{'$elemMatch':{'system':'https://fhir.icanbwell.com/4_0_0/CodeSystem/server-behavior','code':'hidden'}}}}]}, {'_id':0}) | db.Immunization_4_0_0.find({'$and':[{'patient._uuid':'Patient/24a5930e-11b4-5525-b482-669174917044'},{'meta.tag':{'$not':{'$elemMatch':{'system':'https://fhir.icanbwell.com/4_0_0/CodeSystem/server-behavior','code':'hidden'}}}}]}, {'_id':0}) | db.ImmunizationRecommendation_4_0_0.find({'$and':[{'patient._uuid':'Patient/24a5930e-11b4-5525-b482-669174917044'},{'meta.tag':{'$not':{'$elemMatch':{'system':'https://fhir.icanbwell.com/4_0_0/CodeSystem/server-behavior','code':'hidden'}}}}]}, {'_id':0}) | db.Invoice_4_0_0.find({'$and':[{'subject._uuid':'Patient/24a5930e-11b4-5525-b482-669174917044'},{'meta.tag':{'$not':{'$elemMatch':{'system':'https://fhir.icanbwell.com/4_0_0/CodeSystem/server-behavior','code':'hidden'}}}}]}, {'_id':0}) | db.Linkage_4_0_0.find({'$and':[{'item.resource._uuid':'Patient/24a5930e-11b4-5525-b482-669174917044'},{'meta.tag':{'$not':{'$elemMatch':{'system':'https://fhir.icanbwell.com/4_0_0/CodeSystem/server-behavior','code':'hidden'}}}}]}, {'_id':0}) | db.List_4_0_0.find({'$and':[{'subject._uuid':'Patient/24a5930e-11b4-5525-b482-669174917044'},{'meta.tag':{'$not':{'$elemMatch':{'system':'https://fhir.icanbwell.com/4_0_0/CodeSystem/server-behavior','code':'hidden'}}}}]}, {'_id':0}) | db.MeasureReport_4_0_0.find({'$and':[{'subject._uuid':'Patient/24a5930e-11b4-5525-b482-669174917044'},{'meta.tag':{'$not':{'$elemMatch':{'system':'https://fhir.icanbwell.com/4_0_0/CodeSystem/server-behavior','code':'hidden'}}}}]}, {'_id':0}) | db.Media_4_0_0.find({'$and':[{'subject._uuid':'Patient/24a5930e-11b4-5525-b482-669174917044'},{'meta.tag':{'$not':{'$elemMatch':{'system':'https://fhir.icanbwell.com/4_0_0/CodeSystem/server-behavior','code':'hidden'}}}}]}, {'_id':0}) | db.MedicationAdministration_4_0_0.find({'$and':[{'subject._uuid':'Patient/24a5930e-11b4-5525-b482-669174917044'},{'meta.tag':{'$not':{'$elemMatch':{'system':'https://fhir.icanbwell.com/4_0_0/CodeSystem/server-behavior','code':'hidden'}}}}]}, {'_id':0}) | db.MedicationDispense_4_0_0.find({'$and':[{'subject._uuid':'Patient/24a5930e-11b4-5525-b482-669174917044'},{'meta.tag':{'$not':{'$elemMatch':{'system':'https://fhir.icanbwell.com/4_0_0/CodeSystem/server-behavior','code':'hidden'}}}}]}, {'_id':0}) | db.MedicationRequest_4_0_0.find({'$and':[{'subject._uuid':'Patient/24a5930e-11b4-5525-b482-669174917044'},{'meta.tag':{'$not':{'$elemMatch':{'system':'https://fhir.icanbwell.com/4_0_0/CodeSystem/server-behavior','code':'hidden'}}}}]}, {'_id':0}) | db.MedicationStatement_4_0_0.find({'$and':[{'subject._uuid':'Patient/24a5930e-11b4-5525-b482-669174917044'},{'meta.tag':{'$not':{'$elemMatch':{'system':'https://fhir.icanbwell.com/4_0_0/CodeSystem/server-behavior','code':'hidden'}}}}]}, {'_id':0}) | db.NutritionOrder_4_0_0.find({'$and':[{'patient._uuid':'Patient/24a5930e-11b4-5525-b482-669174917044'},{'meta.tag':{'$not':{'$elemMatch':{'system':'https://fhir.icanbwell.com/4_0_0/CodeSystem/server-behavior','code':'hidden'}}}}]}, {'_id':0}) | db.Observation_4_0_0.find({'$and':[{'subject._uuid':'Patient/24a5930e-11b4-5525-b482-669174917044'},{'meta.tag':{'$not':{'$elemMatch':{'system':'https://fhir.icanbwell.com/4_0_0/CodeSystem/server-behavior','code':'hidden'}}}}]}, {'_id':0}) | db.Patient_4_0_0.find({'$and':[{'link.other._uuid':'Patient/24a5930e-11b4-5525-b482-669174917044'},{'meta.tag':{'$not':{'$elemMatch':{'system':'https://fhir.icanbwell.com/4_0_0/CodeSystem/server-behavior','code':'hidden'}}}}]}, {'_id':0}) | db.PaymentNotice_4_0_0.find({'$and':[{'request._uuid':'Patient/24a5930e-11b4-5525-b482-669174917044'},{'meta.tag':{'$not':{'$elemMatch':{'system':'https://fhir.icanbwell.com/4_0_0/CodeSystem/server-behavior','code':'hidden'}}}}]}, {'_id':0}) | db.Procedure_4_0_0.find({'$and':[{'subject._uuid':'Patient/24a5930e-11b4-5525-b482-669174917044'},{'meta.tag':{'$not':{'$elemMatch':{'system':'https://fhir.icanbwell.com/4_0_0/CodeSystem/server-behavior','code':'hidden'}}}}]}, {'_id':0}) | db.Provenance_4_0_0.find({'$and':[{'target._uuid':'Patient/24a5930e-11b4-5525-b482-669174917044'},{'meta.tag':{'$not':{'$elemMatch':{'system':'https://fhir.icanbwell.com/4_0_0/CodeSystem/server-behavior','code':'hidden'}}}}]}, {'_id':0}) | db.QuestionnaireResponse_4_0_0.find({'$and':[{'subject._uuid':'Patient/24a5930e-11b4-5525-b482-669174917044'},{'meta.tag':{'$not':{'$elemMatch':{'system':'https://fhir.icanbwell.com/4_0_0/CodeSystem/server-behavior','code':'hidden'}}}}]}, {'_id':0}) | db.RequestGroup_4_0_0.find({'$and':[{'subject._uuid':'Patient/24a5930e-11b4-5525-b482-669174917044'},{'meta.tag':{'$not':{'$elemMatch':{'system':'https://fhir.icanbwell.com/4_0_0/CodeSystem/server-behavior','code':'hidden'}}}}]}, {'_id':0}) | db.ResearchSubject_4_0_0.find({'$and':[{'individual._uuid':'Patient/24a5930e-11b4-5525-b482-669174917044'},{'meta.tag':{'$not':{'$elemMatch':{'system':'https://fhir.icanbwell.com/4_0_0/CodeSystem/server-behavior','code':'hidden'}}}}]}, {'_id':0}) | db.RiskAssessment_4_0_0.find({'$and':[{'subject._uuid':'Patient/24a5930e-11b4-5525-b482-669174917044'},{'meta.tag':{'$not':{'$elemMatch':{'system':'https://fhir.icanbwell.com/4_0_0/CodeSystem/server-behavior','code':'hidden'}}}}]}, {'_id':0}) | db.Schedule_4_0_0.find({'$and':[{'actor._uuid':'Patient/24a5930e-11b4-5525-b482-669174917044'},{'meta.tag':{'$not':{'$elemMatch':{'system':'https://fhir.icanbwell.com/4_0_0/CodeSystem/server-behavior','code':'hidden'}}}}]}, {'_id':0}) | db.ServiceRequest_4_0_0.find({'$and':[{'subject._uuid':'Patient/24a5930e-11b4-5525-b482-669174917044'},{'meta.tag':{'$not':{'$elemMatch':{'system':'https://fhir.icanbwell.com/4_0_0/CodeSystem/server-behavior','code':'hidden'}}}}]}, {'_id':0}) | db.Specimen_4_0_0.find({'$and':[{'subject._uuid':'Patient/24a5930e-11b4-5525-b482-669174917044'},{'meta.tag':{'$not':{'$elemMatch':{'system':'https://fhir.icanbwell.com/4_0_0/CodeSystem/server-behavior','code':'hidden'}}}}]}, {'_id':0}) | db.SubscriptionStatus_4_0_0.find({'meta.tag':{'$not':{'$elemMatch':{'system':'https://fhir.icanbwell.com/4_0_0/CodeSystem/server-behavior','code':'hidden'}}},'$and':[{'extension':{'$elemMatch':{'url':'https://icanbwell.com/codes/source_patient_id','valueString':'patient1'}}},{'extension':{'$elemMatch':{'url':'https://icanbwell.com/codes/service_slug','valueString':'healthsystem1'}}}]}, {'_id':0}) | db.SubscriptionTopic_4_0_0.find({'meta.tag':{'$not':{'$elemMatch':{'system':'https://fhir.icanbwell.com/4_0_0/CodeSystem/server-behavior','code':'hidden'}}},'$and':[{'identifier':{'$elemMatch':{'system':'https://icanbwell.com/codes/source_patient_id','value':'patient1'}}},{'identifier':{'$elemMatch':{'system':'https://icanbwell.com/codes/service_slug','value':'healthsystem1'}}}]}, {'_id':0}) | db.SupplyDelivery_4_0_0.find({'$and':[{'patient._uuid':'Patient/24a5930e-11b4-5525-b482-669174917044'},{'meta.tag':{'$not':{'$elemMatch':{'system':'https://fhir.icanbwell.com/4_0_0/CodeSystem/server-behavior','code':'hidden'}}}}]}, {'_id':0}) | db.SupplyRequest_4_0_0.find({'$and':[{'requester._uuid':'Patient/24a5930e-11b4-5525-b482-669174917044'},{'meta.tag':{'$not':{'$elemMatch':{'system':'https://fhir.icanbwell.com/4_0_0/CodeSystem/server-behavior','code':'hidden'}}}}]}, {'_id':0}) | db.Task_4_0_0.find({'$and':[{'for._uuid':'Patient/24a5930e-11b4-5525-b482-669174917044'},{'meta.tag':{'$not':{'$elemMatch':{'system':'https://fhir.icanbwell.com/4_0_0/CodeSystem/server-behavior','code':'hidden'}}}}]}, {'_id':0}) | db.VisionPrescription_4_0_0.find({'$and':[{'patient._uuid':'Patient/24a5930e-11b4-5525-b482-669174917044'},{'meta.tag':{'$not':{'$elemMatch':{'system':'https://fhir.icanbwell.com/4_0_0/CodeSystem/server-behavior','code':'hidden'}}}}]}, {'_id':0}) | db.Binary_4_0_0.find({'_uuid':{'$in':['99cdf7f4-a3ae-5f7b-a759-23a2455f11ab','2be6f9aa-62b1-509c-bafc-28f4665fa465']}}, {'_id':0}) | db.PaymentReconciliation_4_0_0.find({'_uuid':'d45e43c6-170f-52e1-a157-692ee5c9704b'}, {'_id':0}) | db.PractitionerRole_4_0_0.find({'_uuid':{'$in':['8143ac7d-ad11-4349-9a3f-da93faae0eae','9ec009e4-28f7-4958-86da-256fe0f67c75']}}, {'_id':0})"
      },
      {
        "system": "https://www.icanbwell.com/queryCollection",
        "code": "Patient_4_0_0|Account_4_0_0|AdverseEvent_4_0_0|AllergyIntolerance_4_0_0|Appointment_4_0_0|AppointmentResponse_4_0_0|BiologicallyDerivedProduct_4_0_0|Basic_4_0_0|CarePlan_4_0_0|CareTeam_4_0_0|ChargeItem_4_0_0|Claim_4_0_0|ClaimResponse_4_0_0|ClinicalImpression_4_0_0|Communication_4_0_0|CommunicationRequest_4_0_0|Composition_4_0_0|Condition_4_0_0|Consent_4_0_0|Contract_4_0_0|CoverageEligibilityRequest_4_0_0|CoverageEligibilityResponse_4_0_0|DetectedIssue_4_0_0|DeviceRequest_4_0_0|DeviceUseStatement_4_0_0|DiagnosticReport_4_0_0|DocumentManifest_4_0_0|DocumentReference_4_0_0|Encounter_4_0_0|EnrollmentRequest_4_0_0|EpisodeOfCare_4_0_0|ExplanationOfBenefit_4_0_0|Flag_4_0_0|Goal_4_0_0|Group_4_0_0|GuidanceResponse_4_0_0|ImagingStudy_4_0_0|Immunization_4_0_0|ImmunizationRecommendation_4_0_0|Invoice_4_0_0|Linkage_4_0_0|List_4_0_0|MeasureReport_4_0_0|Media_4_0_0|MedicationAdministration_4_0_0|MedicationDispense_4_0_0|MedicationRequest_4_0_0|MedicationStatement_4_0_0|NutritionOrder_4_0_0|Observation_4_0_0|Patient_4_0_0|PaymentNotice_4_0_0|Procedure_4_0_0|Provenance_4_0_0|QuestionnaireResponse_4_0_0|RequestGroup_4_0_0|ResearchSubject_4_0_0|RiskAssessment_4_0_0|Schedule_4_0_0|ServiceRequest_4_0_0|Specimen_4_0_0|SubscriptionStatus_4_0_0|SubscriptionTopic_4_0_0|SupplyDelivery_4_0_0|SupplyRequest_4_0_0|Task_4_0_0|VisionPrescription_4_0_0|Binary_4_0_0|PaymentReconciliation_4_0_0|PractitionerRole_4_0_0"
      },
      {
        "system": "https://www.icanbwell.com/queryOptions",
        "display": "[{'projection':{'_id':0}},{'projection':{'_id':0}},{'projection':{'_id':0}},{'projection':{'_id':0}},{'projection':{'_id':0}},{'projection':{'_id':0}},{'projection':{'_id':0}},{'projection':{'_id':0}},{'projection':{'_id':0}},{'projection':{'_id':0}},{'projection':{'_id':0}},{'projection':{'_id':0}},{'projection':{'_id':0}},{'projection':{'_id':0}},{'projection':{'_id':0}},{'projection':{'_id':0}},{'projection':{'_id':0}},{'projection':{'_id':0}},{'projection':{'_id':0}},{'projection':{'_id':0}},{'projection':{'_id':0}},{'projection':{'_id':0}},{'projection':{'_id':0}},{'projection':{'_id':0}},{'projection':{'_id':0}},{'projection':{'_id':0}},{'projection':{'_id':0}},{'projection':{'_id':0}},{'projection':{'_id':0}},{'projection':{'_id':0}},{'projection':{'_id':0}},{'projection':{'_id':0}},{'projection':{'_id':0}},{'projection':{'_id':0}},{'projection':{'_id':0}},{'projection':{'_id':0}},{'projection':{'_id':0}},{'projection':{'_id':0}},{'projection':{'_id':0}},{'projection':{'_id':0}},{'projection':{'_id':0}},{'projection':{'_id':0}},{'projection':{'_id':0}},{'projection':{'_id':0}},{'projection':{'_id':0}},{'projection':{'_id':0}},{'projection':{'_id':0}},{'projection':{'_id':0}},{'projection':{'_id':0}},{'projection':{'_id':0}},{'projection':{'_id':0}},{'projection':{'_id':0}},{'projection':{'_id':0}},{'projection':{'_id':0}},{'projection':{'_id':0}},{'projection':{'_id':0}},{'projection':{'_id':0}},{'projection':{'_id':0}},{'projection':{'_id':0}},{'projection':{'_id':0}},{'projection':{'_id':0}},{'projection':{'_id':0}},{'projection':{'_id':0}},{'projection':{'_id':0}},{'projection':{'_id':0}},{'projection':{'_id':0}},{'projection':{'_id':0}},{'projection':{'_id':0}},{'projection':{'_id':0}},{'projection':{'_id':0}}]"
      },
      {
        "system": "https://www.icanbwell.com/queryFields",
        "display": "[]"
      },
      {
        "system": "https://www.icanbwell.com/queryTime"
      },
      {
        "system": "https://www.icanbwell.com/queryOptimization",
        "display": "{'useTwoStepSearchOptimization':undefined}"
      },
      {
        "system": "https://www.icanbwell.com/queryExplain"
      },
      {
        "system": "https://www.icanbwell.com/queryExplainSimple"
      }
    ]
  }
}
