{
  "entry": [
    {
      "resource": {
        "resourceType": "Patient",
        "id": "0afee0eb-4984-46ea-8052-63fad42e4817",
        "meta": {
          "versionId": "1",
          "lastUpdated": "2023-11-10T09:18:29.000Z",
          "source": "proa",
          "security": [
            {
              "system": "https://www.icanbwell.com/access",
              "id": "7263810a-b57b-5fdb-a673-89100bfd048f",
              "code": "xyz"
            },
            {
              "system": "https://www.icanbwell.com/owner",
              "id": "eb8865a8-51b3-555f-9f69-d5e2dd52036a",
              "code": "xyz"
            },
            {
              "system": "https://www.icanbwell.com/connectionType",
              "id": "2ddb7b9d-413a-59ba-abb6-65774d005ed9",
              "code": "proa"
            },
            {
              "system": "https://www.icanbwell.com/sourceAssigningAuthority",
              "id": "10ad1e30-ed55-56f3-beed-57992ee85a14",
              "code": "xyz"
            }
          ]
        },
        "identifier": [
          {
            "id": "sourceId",
            "system": "https://www.icanbwell.com/sourceId",
            "value": "0afee0eb-4984-46ea-8052-63fad42e4817"
          },
          {
            "id": "uuid",
            "system": "https://www.icanbwell.com/uuid",
            "value": "0afee0eb-4984-46ea-8052-63fad42e4817"
          }
        ],
        "name": [
          {
            "use": "usual",
            "text": "t",
            "family": "PATIENT1",
            "given": [
              "SHYLA"
            ]
          }
        ],
        "gender": "female",
        "birthDate": "2017-01-01"
      }
    },
    {
      "resource": {
        "resourceType": "Patient",
        "id": "44001f52-99f5-4246-9c9a-d7ed1c1c8b39",
        "meta": {
          "versionId": "1",
          "lastUpdated": "2023-11-10T09:18:29.000Z",
          "source": "proa",
          "security": [
             {
              "system": "https://www.icanbwell.com/access",
              "id": "59edcb62-f59d-58cf-b8f9-d0daa1a82fe0",
              "code": "highmark"
            },
            {
              "system": "https://www.icanbwell.com/owner",
              "id": "eae87972-b570-51a0-9628-732cdb06bd5d",
              "code": "highmark"
            },
            {
              "system": "https://www.icanbwell.com/connectionType",
              "id": "2ddb7b9d-413a-59ba-abb6-65774d005ed9",
              "code": "proa"
            },
            {
              "system": "https://www.icanbwell.com/sourceAssigningAuthority",
              "id": "27a87dfe-a760-59f9-b2b5-a3fb72e8396c",
              "code": "highmark"
            }
          ]
        },
        "identifier": [
          {
            "id": "sourceId",
            "system": "https://www.icanbwell.com/sourceId",
            "value": "44001f52-99f5-4246-9c9a-d7ed1c1c8b39"
          },
          {
            "id": "uuid",
            "system": "https://www.icanbwell.com/uuid",
            "value": "44001f52-99f5-4246-9c9a-d7ed1c1c8b39"
          }
        ],
        "name": [
          {
            "use": "usual",
            "text": "t",
            "family": "PATIENT1",
            "given": [
              "SHYLA"
            ]
          }
        ],
        "gender": "female",
        "birthDate": "2017-01-01"
      }
    },
    {
      "resource": {
        "resourceType": "Patient",
        "id": "69e5e0ca-27dd-4560-9963-590e6ca4abd3",
        "meta": {
          "versionId": "1",
          "lastUpdated": "2023-11-10T09:18:29.000Z",
          "source": "client-1",
          "security": [
            {
              "system": "https://www.icanbwell.com/access",
              "id": "6ecd25a8-d651-54df-a87f-cf15a6096f1e",
              "code": "client-1"
            },
            {
              "system": "https://www.icanbwell.com/owner",
              "id": "f0eb75ae-8b01-5624-b1c6-1d4b8fef9486",
              "code": "client-1"
            },
            {
              "system": "https://www.icanbwell.com/sourceAssigningAuthority",
              "id": "a5eb71b9-d97f-5f50-80d8-9e78e0bfaea2",
              "code": "client-1"
            }
          ]
        },
        "identifier": [
          {
            "id": "sourceId",
            "system": "https://www.icanbwell.com/sourceId",
            "value": "69e5e0ca-27dd-4560-9963-590e6ca4abd3"
          },
          {
            "id": "uuid",
            "system": "https://www.icanbwell.com/uuid",
            "value": "69e5e0ca-27dd-4560-9963-590e6ca4abd3"
          }
        ],
        "name": [
          {
            "use": "usual",
            "text": "t",
            "family": "PATIENT1",
            "given": [
              "SHYLA"
            ]
          }
        ],
        "gender": "female",
        "birthDate": "2017-01-01"
      }
    }
  ],
  "resourceType": "Bundle",
  "meta": {
    "tag": [
      {
        "system": "https://www.icanbwell.com/query",
        "display": "db.Patient_4_0_0.find({'$or':[{'$and':[{'_uuid':{'$in':['69e5e0ca-27dd-4560-9963-590e6ca4abd3','0afee0eb-4984-46ea-8052-63fad42e4817','44001f52-99f5-4246-9c9a-d7ed1c1c8b39']}},{'meta.security':{'$elemMatch':{'system':'https://www.icanbwell.com/access','code':'client-1'}}}]},{'$and':[{'_uuid':{'$in':['0afee0eb-4984-46ea-8052-63fad42e4817','44001f52-99f5-4246-9c9a-d7ed1c1c8b39']}},{'meta.security':{'$elemMatch':{'system':'https://www.icanbwell.com/connectionType','code':'proa'}}}]}]}, {}).sort({'_uuid':1}).limit(1000)"
      },
      {
        "system": "https://www.icanbwell.com/queryCollection",
        "code": "Patient_4_0_0"
      },
      {
        "system": "https://www.icanbwell.com/queryOptions",
        "display": "{'sort':{'_uuid':1},'limit':1000}"
      },
      {
        "system": "https://www.icanbwell.com/queryFields",
        "display": "['_uuid','meta.security.system','meta.security.code']"
      },
      {
        "system": "https://www.icanbwell.com/queryTime"
      },
      {
        "system": "https://www.icanbwell.com/queryOptimization",
        "display": "{'useTwoStepSearchOptimization':false}"
      },
      {
        "system": "https://www.icanbwell.com/queryDatabase",
        "code": "fhir"
      },
      {
        "system": "https://www.icanbwell.com/queryExplain"
      },
      {
        "system": "https://www.icanbwell.com/queryExplainSimple"
      }
    ]
  },
  "type": "searchset",
  "total": 0
}
