{
  "resourceType": "Observation",
  "id": "b59f86b9-5307-506a-bb6c-3eb555ace522",
  "meta": {
    "versionId": "1",
    "lastUpdated": "2021-12-15T15:30:30+00:00",
    "source": "/patients",
    "security": [
      {
        "system": "https://www.icanbwell.com/owner",
        "code": "client"
      },
      {
        "system": "https://www.icanbwell.com/access",
        "code": "client"
      },
      {
        "system": "https://www.icanbwell.com/vendor",
        "code": "client"
      },
      {
        "system": "https://www.icanbwell.com/sourceAssigningAuthority",
        "code": "client"
      }
    ]
  },
  "identifier": [
    {
      "id": "sourceId",
      "system": "https://www.icanbwell.com/sourceId",
      "value": "b59f86b9-5307-506a-bb6c-3eb555ace522"
    },
    {
      "id": "uuid",
      "system": "https://www.icanbwell.com/uuid",
      "value": "b59f86b9-5307-506a-bb6c-3eb555ace522"
    }
  ],
  "status": "final",
  "code": {
    "coding": [
      {
        "id": "62186514-8c23-5680-85fd-b6898c99eacb",
        "system": "http://www.icanbwell.com/cql/library",
        "code": "BMI001"
      },
      {
        "id": "77b3739c-725f-5833-a93e-cce825fb7b4a",
        "system": "http://www.icanbwell.com/cql/libraryVersion",
        "code": "1.0.0"
      },
      {
        "id": "977380c4-aca5-57a2-9eab-03eea0c1941d",
        "system": "http://www.icanbwell.com/cql/rule",
        "code": "InAgeCohort"
      }
    ]
  },
  "subject": {
    "reference": "Patient/bb7862e6-b7ac-470e-bde3-e85cee9d1ce6",
    "extension": [
      {
        "id": "sourceId",
        "url": "https://www.icanbwell.com/sourceId",
        "valueString": "Patient/bb7862e6-b7ac-470e-bde3-e85cee9d1ce6"
      },
      {
        "id": "uuid",
        "url": "https://www.icanbwell.com/uuid",
        "valueString": "Patient/bb7862e6-b7ac-470e-bde3-e85cee9d1ce6"
      },
      {
        "id": "sourceAssigningAuthority",
        "url": "https://www.icanbwell.com/sourceAssigningAuthority",
        "valueString": "client"
      }
    ]
  },
  "effectivePeriod": {
    "start": "2021-01-01T00:00:00.000Z",
    "end": "2021-12-31T00:00:00.000Z"
  },
  "issued": "2021-01-01T12:00:00.000Z",
  "valueBoolean": false
}
