{
  "resourceType": "Observation",
  "id": "97fd81af-c094-448b-91f7-8eb9ab3a36b6",
  "meta": {
    "versionId": "1",
    "lastUpdated": "2023-11-09T08:40:47.000Z",
    "source": "/patients",
    "security": [
      {
        "system": "https://www.icanbwell.com/owner",
        "code": "client-1"
      },
      {
        "system": "https://www.icanbwell.com/access",
        "code": "client-1"
      },
      {
        "system": "https://www.icanbwell.com/vendor",
        "code": "client-1"
      },
      {
        "system": "https://www.icanbwell.com/sourceAssigningAuthority",
        "code": "client-1"
      }
    ]
  },
  "identifier": [
    {
      "id": "sourceId",
      "system": "https://www.icanbwell.com/sourceId",
      "value": "97fd81af-c094-448b-91f7-8eb9ab3a36b6"
    },
    {
      "id": "uuid",
      "system": "https://www.icanbwell.com/uuid",
      "value": "97fd81af-c094-448b-91f7-8eb9ab3a36b6"
    }
  ],
  "status": "final",
  "code": {
    "coding": [
      {
        "id": "62186514-8c23-5680-85fd-b6898c99eacb",
        "system": "http://www.icanbwell.com/cql/library",
        "code": "BMI001"
      },
      {
        "id": "77b3739c-725f-5833-a93e-cce825fb7b4a",
        "system": "http://www.icanbwell.com/cql/libraryVersion",
        "code": "1.0.0"
      },
      {
        "id": "977380c4-aca5-57a2-9eab-03eea0c1941d",
        "system": "http://www.icanbwell.com/cql/rule",
        "code": "InAgeCohort"
      }
    ]
  },
  "subject": {
    "extension": [
      {
        "id": "sourceId",
        "url": "https://www.icanbwell.com/sourceId",
        "valueString": "Patient/69e5e0ca-27dd-4560-9963-590e6ca4abd3"
      },
      {
        "id": "uuid",
        "url": "https://www.icanbwell.com/uuid",
        "valueString": "Patient/69e5e0ca-27dd-4560-9963-590e6ca4abd3"
      },
      {
        "id": "sourceAssigningAuthority",
        "url": "https://www.icanbwell.com/sourceAssigningAuthority",
        "valueString": "client-1"
      }
    ],
    "reference": "Patient/69e5e0ca-27dd-4560-9963-590e6ca4abd3"
  },
  "effectivePeriod": {
    "start": "2021-01-01T00:00:00.000Z",
    "end": "2021-12-31T00:00:00.000Z"
  },
  "issued": "2021-01-01T12:00:00.000Z",
  "valueBoolean": false
}
