[
  {
    "_access": {
      "healthsystem2": 1
    },
    "_sourceAssigningAuthority": "healthsystem2",
    "_sourceId": "002126287fbd412d8b52115e48edbd4c",
    "_uuid": "0115f5e0-cf82-5fce-9a3d-bd3f43f059a4",
    "address": [
      {
        "city": "Austin",
        "line": [
          "301 W. Second St., Austin, Texas 78701"
        ],
        "postalCode": "78701",
        "state": "Texas"
      }
    ],
    "gender": "male",
    "id": "002126287fbd412d8b52115e48edbd4c",
    "identifier": [
      {
        "system": "https://www.icanbwell.com",
        "type": {
          "coding": [
            {
              "id": "866c7fe6-2825-5413-9ca6-3a3fe7846140",
              "code": "FHIR_id",
              "display": "bWell FHIR id",
              "system": "https://www.icanbwell.com"
            }
          ]
        },
        "value": "bwell-002126287fbd412d8b52115e48edbd4c"
      },
      {
        "id": "sourceId",
        "system": "https://www.icanbwell.com/sourceId",
        "value": "002126287fbd412d8b52115e48edbd4c"
      },
      {
        "id": "uuid",
        "system": "https://www.icanbwell.com/uuid",
        "value": "0115f5e0-cf82-5fce-9a3d-bd3f43f059a4"
      }
    ],
    "link": [
      {
        "assurance": "level4",
        "target": {
          "_sourceAssigningAuthority": "healthsystem2",
          "_sourceId": "Patient/aab16fc4c5914e38b489bcd096369623",
          "_uuid": "Patient/b2ee7ab4-c3b1-50af-8017-dbecc28177bf",
          "extension": [
            {
              "id": "sourceId",
              "url": "https://www.icanbwell.com/sourceId",
              "valueString": "Patient/aab16fc4c5914e38b489bcd096369623"
            },
            {
              "id": "uuid",
              "url": "https://www.icanbwell.com/uuid",
              "valueString": "Patient/b2ee7ab4-c3b1-50af-8017-dbecc28177bf"
            },
            {
              "id": "sourceAssigningAuthority",
              "url": "https://www.icanbwell.com/sourceAssigningAuthority",
              "valueString": "healthsystem2"
            }
          ],
          "reference": "Patient/aab16fc4c5914e38b489bcd096369623",
          "type": "Patient"
        }
      },
      {
        "target": {
          "_sourceAssigningAuthority": "healthsystem2",
          "_sourceId": "Patient/0318898e65044aaab3115d048d44c434",
          "_uuid": "Patient/516376f2-c326-5ecb-8ab8-033c9b7a8bbc",
          "extension": [
            {
              "id": "sourceId",
              "url": "https://www.icanbwell.com/sourceId",
              "valueString": "Patient/0318898e65044aaab3115d048d44c434"
            },
            {
              "id": "uuid",
              "url": "https://www.icanbwell.com/uuid",
              "valueString": "Patient/516376f2-c326-5ecb-8ab8-033c9b7a8bbc"
            },
            {
              "id": "sourceAssigningAuthority",
              "url": "https://www.icanbwell.com/sourceAssigningAuthority",
              "valueString": "healthsystem2"
            }
          ],
          "reference": "Patient/0318898e65044aaab3115d048d44c434",
          "type": "Patient"
        }
      }
    ],
    "meta": {
      "security": [
        {
          "code": "healthsystem2",
          "id": "d2ef88ba-b717-5294-bb3f-7213c25fd56f",
          "system": "https://www.icanbwell.com/access"
        },
        {
          "code": "healthsystem2",
          "id": "c28d4443-54ca-5990-a470-a306d9c2fb24",
          "system": "https://www.icanbwell.com/owner"
        },
        {
          "code": "healthsystem2",
          "id": "10946a02-dc58-5173-9719-e2753b3ea786",
          "system": "https://www.icanbwell.com/sourceAssigningAuthority"
        }
      ],
      "source": "healthsystem",
      "versionId": "1"
    },
    "name": [
      {
        "family": "Family",
        "given": [
          "Given"
        ],
        "use": "official"
      }
    ],
    "resourceType": "Person",
    "telecom": [
      {
        "system": "phone",
        "use": "home",
        "value": "+919999999999"
      },
      {
        "system": "email",
        "use": "home",
        "value": "foo@bar.com"
      }
    ]
  }
]
