{
  "entry": [
    {
      "resource": {
        "address": [
          {
            "city": "Berea",
            "line": [
              "123 Main St.",
              "Suite 102"
            ],
            "postalCode": "50002",
            "state": "IA"
          }
        ],
        "birthDate": "1950-10-10",
        "gender": "female",
        "id": "2",
        "identifier": [
          {
            "system": "https://www.icanbwell.com",
            "type": {
              "coding": [
                {
                  "id": "866c7fe6-2825-5413-9ca6-3a3fe7846140",
                  "code": "FHIR_id",
                  "display": "bWell FHIR id",
                  "system": "https://www.icanbwell.com"
                }
              ]
            },
            "value": "bwell-00b2f5e65e344820aaa6038244c55dd2"
          },
          {
            "id": "sourceId",
            "system": "https://www.icanbwell.com/sourceId",
            "value": "2"
          },
          {
            "id": "uuid",
            "system": "https://www.icanbwell.com/uuid",
            "value": "27153f78-54c7-5029-889b-1026a9580ebf"
          }
        ],
        "link": [
          {
            "assurance": "level4",
            "target": {
              "extension": [
                {
                  "id": "sourceId",
                  "url": "https://www.icanbwell.com/sourceId",
                  "valueString": "Patient/xxx"
                },
                {
                  "id": "uuid",
                  "url": "https://www.icanbwell.com/uuid",
                  "valueString": "Patient/d071e171-2ff5-5a75-97ac-4b2641455ecc"
                },
                {
                  "id": "sourceAssigningAuthority",
                  "url": "https://www.icanbwell.com/sourceAssigningAuthority",
                  "valueString": "bwell"
                }
              ],
              "reference": "Patient/xxx",
              "type": "Patient"
            }
          }
        ],
        "meta": {
          "security": [
            {
              "code": "bwell",
              "id": "2d1e0b6f-56fb-5dd9-bc38-f01b5902fde2",
              "system": "https://www.icanbwell.com/access"
            },
            {
              "code": "bwell",
              "id": "70ae40c6-f2bd-54a0-aa66-656be4cce72b",
              "system": "https://www.icanbwell.com/owner"
            },
            {
              "code": "bwell",
              "id": "33ced3c5-0807-582a-b03a-df7d6e95a41c",
              "system": "https://www.icanbwell.com/sourceAssigningAuthority"
            }
          ],
          "source": "bwell",
          "versionId": "1"
        },
        "name": [
          {
            "family": "Doe",
            "given": [
              "John"
            ],
            "use": "official"
          }
        ],
        "resourceType": "Person",
        "telecom": [
          {
            "system": "phone",
            "use": "home",
            "value": "+14435705277"
          },
          {
            "system": "email",
            "use": "home",
            "value": "test.user@icanbwell.com"
          }
        ]
      }
    }
  ],
  "resourceType": "Bundle",
  "total": 0,
  "type": "searchset"
}
