{
  "for": {
    "extension": [
      {
        "id": "sourceId",
        "url": "https://www.icanbwell.com/sourceId",
        "valueString": "Patient/person.41db6857-b989-4617-ac8b-35d853250449"
      },
      {
        "id": "uuid",
        "url": "https://www.icanbwell.com/uuid",
        "valueString": "Patient/person.41db6857-b989-4617-ac8b-35d853250449"
      },
      {
        "id": "sourceAssigningAuthority",
        "url": "https://www.icanbwell.com/sourceAssigningAuthority",
        "valueString": "mps-api"
      }
    ],
    "reference": "Patient/person.41db6857-b989-4617-ac8b-35d853250449"
  },
  "id": "195e0039-a4b1-4053-851c-7386c580a471",
  "identifier": [
    {
      "id": "sourceId",
      "system": "https://www.icanbwell.com/sourceId",
      "value": "195e0039-a4b1-4053-851c-7386c580a471"
    },
    {
      "id": "uuid",
      "system": "https://www.icanbwell.com/uuid",
      "value": "195e0039-a4b1-4053-851c-7386c580a471"
    }
  ],
  "meta": {
    "profile": ["http://hl7.org/fhir/us/core/StructureDefinition/us-core-patient"],
    "security": [
      {
        "code": "mps-api",
        "id": "1a4bfc4f-9d3c-5307-8e5f-689394b94919",
        "system": "https://www.icanbwell.com/access"
      },
      {
        "code": "mps-api",
        "id": "920d19e8-4e27-5d48-8752-3ee6360b78d1",
        "system": "https://www.icanbwell.com/owner"
      },
      {
        "code": "mps-api",
        "id": "a90205f7-2df4-5243-9986-d26a4031e964",
        "system": "https://www.icanbwell.com/sourceAssigningAuthority"
      }
    ],
    "source": "mps",
    "versionId": "1"
  },
  "resourceType": "Task",
  "intent": "plan",
  "status": "draft"
}
