{
  "entry": [
    {
      "resource": {
        "category": [
          {
            "coding": [
              {
                "id": "7ef3140f-b442-5347-a6d3-50454da9fb7a",
                "code": "59284-0",
                "system": "http://loinc.org"
              }
            ]
          }
        ],
        "dateTime": "2022-09-08T14:05:07.350Z",
        "id": "1167dbd7-b5de-4843-b3aa-3804b28a7573",
        "identifier": [
          {
            "id": "sourceId",
            "system": "https://www.icanbwell.com/sourceId",
            "value": "1167dbd7-b5de-4843-b3aa-3804b28a7573"
          },
          {
            "id": "uuid",
            "system": "https://www.icanbwell.com/uuid",
            "value": "1167dbd7-b5de-4843-b3aa-3804b28a7573"
          }
        ],
        "meta": {
          "security": [
            {
              "code": "client",
              "id": "21b6850a-a1fb-5de3-8f69-7962d5394390",
              "system": "https://www.icanbwell.com/access"
            },
            {
              "code": "client",
              "id": "1642e685-6de9-5bdb-89e8-b62ffe4420eb",
              "system": "https://www.icanbwell.com/owner"
            },
            {
              "code": "client",
              "id": "cea955c4-9b2c-5b0d-8b48-acfd40cabb59",
              "system": "https://www.icanbwell.com/sourceAssigningAuthority"
            }
          ],
          "source": "client",
          "versionId": "1"
        },
        "patient": {
          "extension": [
            {
              "id": "sourceId",
              "url": "https://www.icanbwell.com/sourceId",
              "valueString": "Patient/000Dummy2"
            },
            {
              "id": "uuid",
              "url": "https://www.icanbwell.com/uuid",
              "valueString": "Patient/bd711f84-7319-5974-ae2d-dcae6d1389f1"
            },
            {
              "id": "sourceAssigningAuthority",
              "url": "https://www.icanbwell.com/sourceAssigningAuthority",
              "valueString": "client"
            }
          ],
          "reference": "Patient/000Dummy2"
        },
        "provision": {
          "type": "permit"
        },
        "resourceType": "Consent",
        "scope": {
          "coding": [
            {
              "id": "402a7d2e-3eb0-5e9a-9af5-cf374c9ca561",
              "code": "patient-privacy",
              "system": "http://terminology.hl7.org/CodeSystem/consentscope"
            }
          ]
        },
        "sourceReference": {
          "extension": [
            {
              "id": "sourceId",
              "url": "https://www.icanbwell.com/sourceId",
              "valueString": "QuestionnaireResponse/fdf49831-d3c0-4a89-9459-e96c6c3beb0f"
            },
            {
              "id": "uuid",
              "url": "https://www.icanbwell.com/uuid",
              "valueString": "QuestionnaireResponse/fdf49831-d3c0-4a89-9459-e96c6c3beb0f"
            },
            {
              "id": "sourceAssigningAuthority",
              "url": "https://www.icanbwell.com/sourceAssigningAuthority",
              "valueString": "client"
            }
          ],
          "reference": "QuestionnaireResponse/fdf49831-d3c0-4a89-9459-e96c6c3beb0f"
        },
        "status": "active"
      }
    }
  ],
  "meta": {
    "tag": [
      {
        "display": "db.Consent_4_0_0.find({'$and':[{'$or':[{'sourceAttachment._uuid':'QuestionnaireResponse/fdf49831-d3c0-4a89-9459-e96c6c3beb0f'},{'sourceReference._uuid':'QuestionnaireResponse/fdf49831-d3c0-4a89-9459-e96c6c3beb0f'}]},{'meta.tag':{'$not':{'$elemMatch':{'system':'https://fhir.icanbwell.com/4_0_0/CodeSystem/server-behavior','code':'hidden'}}}}]}, {}).sort({'_uuid':1}).limit(100)",
        "system": "https://www.icanbwell.com/query"
      },
      {
        "code": "Consent_4_0_0",
        "system": "https://www.icanbwell.com/queryCollection"
      },
      {
        "display": "{'limit':100,'sort':{'_uuid':1}}",
        "system": "https://www.icanbwell.com/queryOptions"
      },
      {
        "display": "['sourceAttachment._uuid','sourceReference._uuid','meta.tag.system','meta.tag.code','_uuid']",
        "system": "https://www.icanbwell.com/queryFields"
      },
      {
        "system": "https://www.icanbwell.com/queryTime"
      },
      {
        "display": "{'useTwoStepSearchOptimization':undefined}",
        "system": "https://www.icanbwell.com/queryOptimization"
      },
      {
        "code": "fhir",
        "system": "https://www.icanbwell.com/queryDatabase"
      },
      {
        "system": "https://www.icanbwell.com/queryExplain"
      },
      {
        "system": "https://www.icanbwell.com/queryExplainSimple"
      }
    ]
  },
  "resourceType": "Bundle",
  "total": 0,
  "type": "searchset"
}
